[02Jan2024 23:22:13.436] [main/INFO] [cpw.mods.modlauncher.Launcher/MODLAUNCHER]: ModLauncher running: args [--launchTarget, forgeclientuserdev, --version, 20.4.9-beta, --assetIndex, asset-index, --assetsDir, /var/home/marchermans/.gradle/caches/minecraft/assets/1.20.4, --gameDir, ., --fml.neoForgeVersion, 20.4.9-beta, --fml.fmlVersion, 1.0.16, --fml.mcVersion, 1.20.4, --fml.neoFormVersion, 20231207.154220]
[02Jan2024 23:22:13.439] [main/INFO] [cpw.mods.modlauncher.Launcher/MODLAUNCHER]: ModLauncher 10.0.9+10.0.9+main.dcd20f30 starting: java version 17.0.9 by JetBrains s.r.o.; OS Linux arch amd64 version 6.6.8-200.fc39.x86_64
[02Jan2024 23:22:13.528] [main/INFO] [net.neoforged.fml.loading.ImmediateWindowHandler/]: Loading ImmediateWindowProvider fmlearlywindow
[02Jan2024 23:22:13.601] [main/INFO] [EARLYDISPLAY/]: Trying GL version 4.6
[02Jan2024 23:22:13.640] [main/INFO] [EARLYDISPLAY/]: Trying GL version 4.5
[02Jan2024 23:22:13.649] [main/INFO] [EARLYDISPLAY/]: Trying GL version 4.4
[02Jan2024 23:22:13.658] [main/INFO] [EARLYDISPLAY/]: Trying GL version 4.3
[02Jan2024 23:22:13.669] [main/INFO] [EARLYDISPLAY/]: Requested GL version 4.3 got version 4.3
[02Jan2024 23:22:13.745] [main/INFO] [mixin/]: SpongePowered MIXIN Subsystem Version=0.8.5 Source=union:/var/home/marchermans/.gradle/caches/modules-2/files-2.1/org.spongepowered/mixin/0.8.5/9d1c0c3a304ae6697ecd477218fa61b850bf57fc/mixin-0.8.5.jar%23188!/ Service=ModLauncher Env=CLIENT
[02Jan2024 23:22:13.763] [pool-2-thread-1/INFO] [EARLYDISPLAY/]: GL info: NV164 GL version 4.3 (Core Profile) Mesa 23.3.1 (git-6cdc2b044d), Mesa
[02Jan2024 23:22:13.932] [main/WARN] [net.neoforged.fml.loading.moddiscovery.ModFileParser/LOADING]: Mod file /var/home/marchermans/.gradle/caches/modules-2/files-2.1/net.neoforged.fancymodloader/language-java/1.0.16/2ddedcd8a488fd73e3e92a59949845e9c3a7d9f2/language-java-1.0.16.jar is missing mods.toml file
[02Jan2024 23:22:13.933] [main/WARN] [net.neoforged.fml.loading.moddiscovery.ModFileParser/LOADING]: Mod file /var/home/marchermans/.gradle/caches/modules-2/files-2.1/net.neoforged.fancymodloader/language-lowcode/1.0.16/e627c78870d4286826c4b14c0137319ff03b4e0/language-lowcode-1.0.16.jar is missing mods.toml file
[02Jan2024 23:22:13.933] [main/WARN] [net.neoforged.fml.loading.moddiscovery.ModFileParser/LOADING]: Mod file /var/home/marchermans/.gradle/caches/modules-2/files-2.1/net.neoforged.fancymodloader/core/1.0.16/6bab0913ca1635a8e272ef89c17befb52115a3c2/core-1.0.16.jar is missing mods.toml file
[02Jan2024 23:22:13.934] [main/WARN] [net.neoforged.fml.loading.moddiscovery.ModFileParser/LOADING]: Mod file /var/home/marchermans/.gradle/caches/modules-2/files-2.1/net.neoforged.fancymodloader/language-minecraft/1.0.16/c1f7785ff7fc0b18aa6d2d4056dcff4fee1b32be/language-minecraft-1.0.16.jar is missing mods.toml file
[02Jan2024 23:22:13.943] [main/INFO] [net.neoforged.fml.loading.moddiscovery.ModDiscoverer/SCAN]: Found mod file "language-java-1.0.16.jar" of type LANGPROVIDER with provider net.neoforged.fml.loading.moddiscovery.MinecraftLocator@5560bcdf
[02Jan2024 23:22:13.943] [main/INFO] [net.neoforged.fml.loading.moddiscovery.ModDiscoverer/SCAN]: Found mod file "language-lowcode-1.0.16.jar" of type LANGPROVIDER with provider net.neoforged.fml.loading.moddiscovery.MinecraftLocator@5560bcdf
[02Jan2024 23:22:13.943] [main/INFO] [net.neoforged.fml.loading.moddiscovery.ModDiscoverer/SCAN]: Found mod file "core-1.0.16.jar" of type LIBRARY with provider net.neoforged.fml.loading.moddiscovery.MinecraftLocator@5560bcdf
[02Jan2024 23:22:13.943] [main/INFO] [net.neoforged.fml.loading.moddiscovery.ModDiscoverer/SCAN]: Found mod file "language-minecraft-1.0.16.jar" of type LANGPROVIDER with provider net.neoforged.fml.loading.moddiscovery.MinecraftLocator@5560bcdf
[02Jan2024 23:22:13.943] [main/INFO] [net.neoforged.fml.loading.moddiscovery.ModDiscoverer/SCAN]: Found mod file "neoforge-20.4.9-beta.jar" of type MOD with provider net.neoforged.fml.loading.moddiscovery.MinecraftLocator@5560bcdf
[02Jan2024 23:22:13.943] [main/INFO] [net.neoforged.fml.loading.moddiscovery.ModDiscoverer/SCAN]: Found mod file "vanillaApi" of type MOD with provider net.neoforged.fml.loading.moddiscovery.MinecraftLocator@5560bcdf
[02Jan2024 23:22:13.944] [main/INFO] [net.neoforged.fml.loading.moddiscovery.ModDiscoverer/SCAN]: Found mod file "" of type MOD with provider net.neoforged.fml.loading.moddiscovery.MinecraftLocator@5560bcdf
[02Jan2024 23:22:13.955] [main/INFO] [net.neoforged.fml.loading.moddiscovery.ModDiscoverer/SCAN]: Found mod file "events-1.0.16.jar" of type GAMELIBRARY with provider net.neoforged.fml.loading.moddiscovery.BuiltinGameLibraryLocator@173373b4
[02Jan2024 23:22:14.032] [main/INFO] [net.neoforged.fml.loading.moddiscovery.JarInJarDependencyLocator/]: Found 1 dependencies adding them to mods collection
[02Jan2024 23:22:14.032] [main/INFO] [net.neoforged.fml.loading.moddiscovery.ModDiscoverer/SCAN]: Found mod file "mixinextras-neoforge-0.3.1.jar" of type GAMELIBRARY with provider net.neoforged.fml.loading.moddiscovery.JarInJarDependencyLocator@26f96b85
[02Jan2024 23:22:14.055] [main/ERROR] [net.neoforged.fml.loading.LanguageLoadingProvider/LOADING]: Missing language javafml version [49,) wanted by vanillaApi, found 1.0
[02Jan2024 23:22:14.754] [main/INFO] [cpw.mods.modlauncher.LaunchServiceHandler/MODLAUNCHER]: Launching target 'forgeclientuserdev' with arguments [--version, 20.4.9-beta, --gameDir, ., --assetsDir, /var/home/marchermans/.gradle/caches/minecraft/assets/1.20.4, --assetIndex, asset-index]
[02Jan2024 23:22:18.042] [Datafixer Bootstrap/INFO] [com.mojang.datafixers.DataFixerBuilder/]: 198 Datafixer optimizations took 101 milliseconds
[02Jan2024 23:22:19.548] [Render thread/WARN] [net.minecraft.server.packs.VanillaPackResourcesBuilder/]: Assets URL 'union:/var/home/marchermans/IdeaProjects/Aequivaleo/.gradle/repositories/ng_dummy_ng/net/neoforged/neoforge/20.4.9-beta/neoforge-20.4.9-beta.jar%23196!/assets/.mcassetsroot' uses unexpected schema
[02Jan2024 23:22:19.548] [Render thread/WARN] [net.minecraft.server.packs.VanillaPackResourcesBuilder/]: Assets URL 'union:/var/home/marchermans/IdeaProjects/Aequivaleo/.gradle/repositories/ng_dummy_ng/net/neoforged/neoforge/20.4.9-beta/neoforge-20.4.9-beta.jar%23196!/data/.mcassetsroot' uses unexpected schema
[02Jan2024 23:22:19.568] [Render thread/INFO] [com.mojang.authlib.yggdrasil.YggdrasilAuthenticationService/]: Environment: Environment[sessionHost=https://sessionserver.mojang.com, servicesHost=https://api.minecraftservices.com, name=PROD]
[02Jan2024 23:22:19.575] [Render thread/INFO] [net.minecraft.client.Minecraft/]: Setting user: Dev
[02Jan2024 23:22:19.639] [Render thread/INFO] [net.minecraft.client.Minecraft/]: Backend library: LWJGL version 3.3.2+13
[02Jan2024 23:22:19.807] [Render thread/FATAL] [net.neoforged.fml.ModLoader/CORE]: Error during pre-loading phase
net.neoforged.fml.ModLoadingException: Mod File vanillaApi needs language provider javafml:49 or above to load
§7We have found 1.0
	at net.neoforged.fml.ModLoadingException.lambda$fromEarlyException$0(ModLoadingException.java:50) ~[core-1.0.16.jar:1.0]
	at java.util.stream.ReferencePipeline$3$1.accept(ReferencePipeline.java:197) ~[?:?]
	at java.util.AbstractList$RandomAccessSpliterator.forEachRemaining(AbstractList.java:720) ~[?:?]
	at java.util.stream.AbstractPipeline.copyInto(AbstractPipeline.java:509) ~[?:?]
	at java.util.stream.AbstractPipeline.wrapAndCopyInto(AbstractPipeline.java:499) ~[?:?]
	at java.util.stream.ForEachOps$ForEachOp.evaluateSequential(ForEachOps.java:150) ~[?:?]
	at java.util.stream.ForEachOps$ForEachOp$OfRef.evaluateSequential(ForEachOps.java:173) ~[?:?]
	at java.util.stream.AbstractPipeline.evaluate(AbstractPipeline.java:234) ~[?:?]
	at java.util.stream.ReferencePipeline.forEach(ReferencePipeline.java:596) ~[?:?]
	at java.util.stream.ReferencePipeline$7$1.accept(ReferencePipeline.java:276) ~[?:?]
	at java.util.ArrayList$ArrayListSpliterator.forEachRemaining(ArrayList.java:1625) ~[?:?]
	at java.util.stream.AbstractPipeline.copyInto(AbstractPipeline.java:509) ~[?:?]
	at java.util.stream.AbstractPipeline.wrapAndCopyInto(AbstractPipeline.java:499) ~[?:?]
	at java.util.stream.ReduceOps$ReduceOp.evaluateSequential(ReduceOps.java:921) ~[?:?]
	at java.util.stream.AbstractPipeline.evaluate(AbstractPipeline.java:234) ~[?:?]
	at java.util.stream.ReferencePipeline.collect(ReferencePipeline.java:682) ~[?:?]
	at net.neoforged.fml.ModLoader.<init>(ModLoader.java:99) ~[core-1.0.16.jar:1.0]
	at net.neoforged.fml.ModLoader.get(ModLoader.java:131) ~[core-1.0.16.jar:1.0]
	at net.neoforged.neoforge.client.loading.ClientModLoader.lambda$begin$1(ClientModLoader.java:62) ~[neoforge-20.4.9-beta.jar:?]
	at net.neoforged.neoforge.client.loading.ClientModLoader.lambda$createRunnableWithCatch$4(ClientModLoader.java:82) ~[neoforge-20.4.9-beta.jar:?]
	at net.neoforged.neoforge.client.loading.ClientModLoader.begin(ClientModLoader.java:62) ~[neoforge-20.4.9-beta.jar:?]
	at net.minecraft.client.Minecraft.<init>(Minecraft.java:494) ~[neoforge-20.4.9-beta.jar:?]
	at net.minecraft.client.main.Main.main(Main.java:206) ~[neoforge-20.4.9-beta.jar:?]
	at jdk.internal.reflect.NativeMethodAccessorImpl.invoke0(Native Method) ~[?:?]
	at jdk.internal.reflect.NativeMethodAccessorImpl.invoke(NativeMethodAccessorImpl.java:77) ~[?:?]
	at jdk.internal.reflect.DelegatingMethodAccessorImpl.invoke(DelegatingMethodAccessorImpl.java:43) ~[?:?]
	at java.lang.reflect.Method.invoke(Method.java:568) ~[?:?]
	at net.neoforged.fml.loading.targets.CommonLaunchHandler.runTarget(CommonLaunchHandler.java:126) ~[loader-1.0.16.jar:1.0]
	at net.neoforged.fml.loading.targets.CommonLaunchHandler.clientService(CommonLaunchHandler.java:114) ~[loader-1.0.16.jar:1.0]
	at net.neoforged.fml.loading.targets.ForgeClientUserdevLaunchHandler.runService(ForgeClientUserdevLaunchHandler.java:19) ~[loader-1.0.16.jar:1.0]
	at net.neoforged.fml.loading.targets.CommonLaunchHandler.lambda$launchService$4(CommonLaunchHandler.java:108) ~[loader-1.0.16.jar:1.0]
	at cpw.mods.modlauncher.LaunchServiceHandlerDecorator.launch(LaunchServiceHandlerDecorator.java:30) ~[modlauncher-10.0.9.jar:?]
	at cpw.mods.modlauncher.LaunchServiceHandler.launch(LaunchServiceHandler.java:53) ~[modlauncher-10.0.9.jar:?]
	at cpw.mods.modlauncher.LaunchServiceHandler.launch(LaunchServiceHandler.java:71) ~[modlauncher-10.0.9.jar:?]
	at cpw.mods.modlauncher.Launcher.run(Launcher.java:108) ~[modlauncher-10.0.9.jar:?]
	at cpw.mods.modlauncher.Launcher.main(Launcher.java:78) ~[modlauncher-10.0.9.jar:?]
	at cpw.mods.modlauncher.BootstrapLaunchConsumer.accept(BootstrapLaunchConsumer.java:26) ~[modlauncher-10.0.9.jar:?]
	at cpw.mods.modlauncher.BootstrapLaunchConsumer.accept(BootstrapLaunchConsumer.java:23) ~[modlauncher-10.0.9.jar:?]
	at cpw.mods.bootstraplauncher.BootstrapLauncher.main(BootstrapLauncher.java:141) ~[bootstraplauncher-1.1.2.jar:?]
[02Jan2024 23:22:19.889] [Render thread/ERROR] [net.neoforged.fml.ModLoader/]: Cowardly refusing to send event net.neoforged.neoforge.client.event.sound.SoundEngineLoadEvent to a broken mod state
[02Jan2024 23:22:19.960] [Render thread/ERROR] [net.neoforged.fml.ModLoader/]: Cowardly refusing to send event net.neoforged.neoforge.client.event.RegisterColorHandlersEvent$Block to a broken mod state
[02Jan2024 23:22:19.961] [Render thread/ERROR] [net.neoforged.fml.ModLoader/]: Cowardly refusing to send event net.neoforged.neoforge.client.event.RegisterColorHandlersEvent$Item to a broken mod state
[02Jan2024 23:22:20.032] [Render thread/ERROR] [net.neoforged.fml.ModLoader/]: Cowardly refusing to send event net.neoforged.neoforge.client.event.RenderLevelStageEvent$RegisterStageEvent to a broken mod state
[02Jan2024 23:22:20.084] [Render thread/ERROR] [net.neoforged.fml.ModLoader/]: Cowardly refusing to send event net.neoforged.neoforge.client.event.RegisterParticleProvidersEvent to a broken mod state
[02Jan2024 23:22:20.134] [Render thread/ERROR] [net.neoforged.fml.ModLoader/]: Cowardly refusing to send event net.neoforged.neoforge.client.event.RegisterSpriteSourceTypesEvent to a broken mod state
[02Jan2024 23:22:20.134] [Render thread/ERROR] [net.neoforged.fml.ModLoader/]: Cowardly refusing to send event net.neoforged.neoforge.client.event.RegisterClientReloadListenersEvent to a broken mod state
[02Jan2024 23:22:20.134] [Render thread/ERROR] [net.neoforged.fml.ModLoader/]: Cowardly refusing to send event net.neoforged.neoforge.client.event.EntityRenderersEvent$RegisterLayerDefinitions to a broken mod state
[02Jan2024 23:22:20.134] [Render thread/ERROR] [net.neoforged.fml.ModLoader/]: Cowardly refusing to send event net.neoforged.neoforge.client.event.EntityRenderersEvent$RegisterRenderers to a broken mod state
[02Jan2024 23:22:20.135] [Render thread/ERROR] [net.neoforged.fml.ModLoader/]: Cowardly refusing to send event net.neoforged.neoforge.client.event.RegisterClientTooltipComponentFactoriesEvent to a broken mod state
[02Jan2024 23:22:20.135] [Render thread/ERROR] [net.neoforged.fml.ModLoader/]: Cowardly refusing to send event net.neoforged.neoforge.client.event.RegisterEntitySpectatorShadersEvent to a broken mod state
[02Jan2024 23:22:20.135] [Render thread/ERROR] [net.neoforged.fml.ModLoader/]: Cowardly refusing to send event net.neoforged.neoforge.client.event.RegisterKeyMappingsEvent to a broken mod state
[02Jan2024 23:22:20.137] [Render thread/ERROR] [net.neoforged.fml.ModLoader/]: Cowardly refusing to send event net.neoforged.neoforge.client.event.RegisterRecipeBookCategoriesEvent to a broken mod state
[02Jan2024 23:22:20.140] [Render thread/ERROR] [net.neoforged.fml.ModLoader/]: Cowardly refusing to send event net.neoforged.neoforge.client.event.RegisterGuiOverlaysEvent to a broken mod state
[02Jan2024 23:22:20.143] [Render thread/ERROR] [net.neoforged.fml.ModLoader/]: Cowardly refusing to send event net.neoforged.neoforge.client.event.RegisterDimensionSpecialEffectsEvent to a broken mod state
[02Jan2024 23:22:20.144] [Render thread/ERROR] [net.neoforged.fml.ModLoader/]: Cowardly refusing to send event net.neoforged.neoforge.client.event.RegisterNamedRenderTypesEvent to a broken mod state
[02Jan2024 23:22:20.144] [Render thread/ERROR] [net.neoforged.fml.ModLoader/]: Cowardly refusing to send event net.neoforged.neoforge.client.event.RegisterColorHandlersEvent$ColorResolvers to a broken mod state
[02Jan2024 23:22:20.145] [Render thread/ERROR] [net.neoforged.fml.ModLoader/]: Cowardly refusing to send event net.neoforged.neoforge.client.event.RegisterItemDecorationsEvent to a broken mod state
[02Jan2024 23:22:20.150] [Render thread/ERROR] [net.neoforged.fml.ModLoader/]: Cowardly refusing to send event net.neoforged.neoforge.client.event.RegisterPresetEditorsEvent to a broken mod state
[02Jan2024 23:22:20.192] [Render thread/ERROR] [com.mojang.text2speech.Narrator/]: Error while loading the narrator
com.mojang.text2speech.Narrator$InitializeException: Failed to load library flite
	at com.mojang.text2speech.NarratorLinux$FliteLibrary.loadNative(NarratorLinux.java:69) ~[text2speech-1.17.9.jar:?]
	at com.mojang.text2speech.NarratorLinux.<init>(NarratorLinux.java:18) ~[text2speech-1.17.9.jar:?]
	at com.mojang.text2speech.Narrator.getNarrator(Narrator.java:41) ~[text2speech-1.17.9.jar:?]
	at net.minecraft.client.GameNarrator.<init>(GameNarrator.java:21) ~[neoforge-20.4.9-beta.jar:?]
	at net.minecraft.client.Minecraft.<init>(Minecraft.java:615) ~[neoforge-20.4.9-beta.jar:?]
	at net.minecraft.client.main.Main.main(Main.java:206) ~[neoforge-20.4.9-beta.jar:?]
	at jdk.internal.reflect.NativeMethodAccessorImpl.invoke0(Native Method) ~[?:?]
	at jdk.internal.reflect.NativeMethodAccessorImpl.invoke(NativeMethodAccessorImpl.java:77) ~[?:?]
	at jdk.internal.reflect.DelegatingMethodAccessorImpl.invoke(DelegatingMethodAccessorImpl.java:43) ~[?:?]
	at java.lang.reflect.Method.invoke(Method.java:568) ~[?:?]
	at net.neoforged.fml.loading.targets.CommonLaunchHandler.runTarget(CommonLaunchHandler.java:126) ~[loader-1.0.16.jar:1.0]
	at net.neoforged.fml.loading.targets.CommonLaunchHandler.clientService(CommonLaunchHandler.java:114) ~[loader-1.0.16.jar:1.0]
	at net.neoforged.fml.loading.targets.ForgeClientUserdevLaunchHandler.runService(ForgeClientUserdevLaunchHandler.java:19) ~[loader-1.0.16.jar:1.0]
	at net.neoforged.fml.loading.targets.CommonLaunchHandler.lambda$launchService$4(CommonLaunchHandler.java:108) ~[loader-1.0.16.jar:1.0]
	at cpw.mods.modlauncher.LaunchServiceHandlerDecorator.launch(LaunchServiceHandlerDecorator.java:30) ~[modlauncher-10.0.9.jar:?]
	at cpw.mods.modlauncher.LaunchServiceHandler.launch(LaunchServiceHandler.java:53) ~[modlauncher-10.0.9.jar:?]
	at cpw.mods.modlauncher.LaunchServiceHandler.launch(LaunchServiceHandler.java:71) ~[modlauncher-10.0.9.jar:?]
	at cpw.mods.modlauncher.Launcher.run(Launcher.java:108) ~[modlauncher-10.0.9.jar:?]
	at cpw.mods.modlauncher.Launcher.main(Launcher.java:78) ~[modlauncher-10.0.9.jar:?]
	at cpw.mods.modlauncher.BootstrapLaunchConsumer.accept(BootstrapLaunchConsumer.java:26) ~[modlauncher-10.0.9.jar:?]
	at cpw.mods.modlauncher.BootstrapLaunchConsumer.accept(BootstrapLaunchConsumer.java:23) ~[modlauncher-10.0.9.jar:?]
	at cpw.mods.bootstraplauncher.BootstrapLauncher.main(BootstrapLauncher.java:141) ~[bootstraplauncher-1.1.2.jar:?]
Caused by: java.lang.UnsatisfiedLinkError: Unable to load library 'flite':
libflite.so: cannot open shared object file: No such file or directory
libflite.so: cannot open shared object file: No such file or directory
Native library (linux-x86-64/libflite.so) not found in resource path (/var/home/marchermans/IdeaProjects/Aequivaleo/build/classes/java/main:/var/home/marchermans/IdeaProjects/Aequivaleo/build/resources/main:/var/home/marchermans/IdeaProjects/Aequivaleo/.gradle/repositories/ng_dummy_ng/net/neoforged/neoforge/20.4.9-beta/neoforge-20.4.9-beta.jar:/var/home/marchermans/.gradle/caches/modules-2/files-2.1/org.jetbrains/annotations/24.1.0/7af6a669488450c4a07c2c3254e2151df42d7d04/annotations-24.1.0.jar:/var/home/marchermans/.gradle/caches/modules-2/files-2.1/org.jgrapht/jgrapht-ext/1.4.0/d4667e848fdbf7b8b9af25d068762e82444bd44d/jgrapht-ext-1.4.0.jar:/var/home/marchermans/.gradle/caches/modules-2/files-2.1/org.jgrapht/jgrapht-io/1.4.0/f00549a95a2eb5134e591932bba82070f9504ff1/jgrapht-io-1.4.0.jar:/var/home/marchermans/.gradle/caches/modules-2/files-2.1/org.jgrapht/jgrapht-core/1.4.0/b6a0d2d511bec1ca30798e0defc6cbaab3d77c7c/jgrapht-core-1.4.0.jar:/var/home/marchermans/.gradle/caches/modules-2/files-2.1/io.netty/netty-transport-classes-epoll/4.1.97.Final/795da37ded759e862457a82d9d92c4d39ce8ecee/netty-transport-classes-epoll-4.1.97.Final.jar:/var/home/marchermans/.gradle/caches/modules-2/files-2.1/org.ow2.asm/asm-commons/9.5/19ab5b5800a3910d30d3a3e64fdb00fd0cb42de0/asm-commons-9.5.jar:/var/home/marchermans/.gradle/caches/modules-2/files-2.1/net.neoforged/JarJarFileSystems/0.4.0/ef7e5716525bbe50c784a362f9393457a33e6daf/JarJarFileSystems-0.4.0.jar:/var/home/marchermans/.gradle/caches/modules-2/files-2.1/net.minecraftforge/unsafe/0.2.0/54d7a0a5e8fdb71b973025caa46f341ae5904f39/unsafe-0.2.0.jar:/var/home/marchermans/.gradle/caches/modules-2/files-2.1/com.machinezoo.noexception/noexception/1.7.1/b65330c98e38a1f915fa54a6e5eca496505e3f0a/noexception-1.7.1.jar:/var/home/marchermans/.gradle/caches/modules-2/files-2.1/org.apache.httpcomponents/httpcore/4.4.16/51cf043c87253c9f58b539c9f7e44c8894223850/httpcore-4.4.16.jar:/var/home/marchermans/.gradle/caches/modules-2/files-2.1/com.mojang/brigadier/1.2.9/73e324f2ee541493a5179abf367237faa782ed21/brigadier-1.2.9.jar:/var/home/marchermans/.gradle/caches/modules-2/files-2.1/com.google.errorprone/error_prone_annotations/2.11.0/c5a0ace696d3f8b1c1d8cc036d8c03cc0cbe6b69/error_prone_annotations-2.11.0.jar:/var/home/marchermans/.gradle/caches/modules-2/files-2.1/org.ow2.asm/asm-analysis/9.5/490bacc77de7cbc0be1a30bb3471072d705be4a4/asm-analysis-9.5.jar:/var/home/marchermans/.gradle/caches/modules-2/files-2.1/org.antlr/antlr4-runtime/4.13.1/17125bae1d965624e265ef49552f6465a2bfa307/antlr4-runtime-4.13.1.jar:/var/home/marchermans/.gradle/caches/modules-2/files-2.1/org.apache.logging.log4j/log4j-api/2.19.0/ea1b37f38c327596b216542bc636cfdc0b8036fa/log4j-api-2.19.0.jar:/var/home/marchermans/.gradle/caches/modules-2/files-2.1/com.mojang/datafixerupper/6.0.8/3ba4a30557a9b057760af4011f909ba619fc5125/datafixerupper-6.0.8.jar:/var/home/marchermans/.gradle/caches/modules-2/files-2.1/io.netty/netty-codec/4.1.97.Final/384ba4d75670befbedb45c4d3b497a93639c206d/netty-codec-4.1.97.Final.jar:/var/home/marchermans/.gradle/caches/modules-2/files-2.1/org.ow2.asm/asm-tree/9.5/fd33c8b6373abaa675be407082fdfda35021254a/asm-tree-9.5.jar:/var/home/marchermans/.gradle/caches/modules-2/files-2.1/org.lwjgl/lwjgl-stb/3.3.2/a2550795014d622b686e9caac50b14baa87d2c70/lwjgl-stb-3.3.2.jar:/var/home/marchermans/.gradle/caches/modules-2/files-2.1/org.lwjgl/lwjgl-stb/3.3.2/5c987f43b342d722b54970159040af76f1c87403/lwjgl-stb-3.3.2-natives-linux.jar:/var/home/marchermans/.gradle/caches/modules-2/files-2.1/org.jline/jline-terminal/3.12.1/c777448314e050d980a6b697c140f3bfe9eb7416/jline-terminal-3.12.1.jar:/var/home/marchermans/.gradle/caches/modules-2/files-2.1/io.netty/netty-handler/4.1.97.Final/abb86c6906bf512bf2b797a41cd7d2e8d3cd7c36/netty-handler-4.1.97.Final.jar:/var/home/marchermans/.gradle/caches/modules-2/files-2.1/org.lwjgl/lwjgl-tinyfd/3.3.2/9f65c248dd77934105274fcf8351abb75b34327c/lwjgl-tinyfd-3.3.2.jar:/var/home/marchermans/.gradle/caches/modules-2/files-2.1/org.lwjgl/lwjgl-tinyfd/3.3.2/5d27fc67172b3fcd8400d61a7cfb75da881f609/lwjgl-tinyfd-3.3.2-natives-linux.jar:/var/home/marchermans/.gradle/caches/modules-2/files-2.1/com.google.code.gson/gson/2.10.1/b3add478d4382b78ea20b1671390a858002feb6c/gson-2.10.1.jar:/var/home/marchermans/.gradle/caches/modules-2/files-2.1/net.neoforged/accesstransformers/10.0.1/fd83b5725f76eae9115e9355fa1c456a6a441400/accesstransformers-10.0.1.jar:/var/home/marchermans/.gradle/caches/modules-2/files-2.1/net.neoforged.fancymodloader/loader/1.0.16/47bd8344813542922e606b034623172a8c271da6/loader-1.0.16.jar:/var/home/marchermans/.gradle/caches/modules-2/files-2.1/net.sf.jopt-simple/jopt-simple/5.0.4/4fdac2fbe92dfad86aa6e9301736f6b4342a3f5c/jopt-simple-5.0.4.jar:/var/home/marchermans/.gradle/caches/modules-2/files-2.1/cpw.mods/modlauncher/10.0.9/6d9443f56f50bb85cea383686ff9c867391458b/modlauncher-10.0.9.jar:/var/home/marchermans/.gradle/caches/modules-2/files-2.1/org.apache.maven/maven-artifact/3.8.5/4433f50c07debefaed0553bd0068f4f48d449313/maven-artifact-3.8.5.jar:/var/home/marchermans/.gradle/caches/modules-2/files-2.1/net.neoforged/neoform/1.20.4-20231207.154220/ad0bdcc5c21199e1a9cb05836f9660c22830a4fe/neoform-1.20.4-20231207.154220.zip:/var/home/marchermans/.gradle/caches/modules-2/files-2.1/org.lwjgl/lwjgl-glfw/3.3.2/757920418805fb90bfebb3d46b1d9e7669fca2eb/lwjgl-glfw-3.3.2.jar:/var/home/marchermans/.gradle/caches/modules-2/files-2.1/org.lwjgl/lwjgl-glfw/3.3.2/766bb0e8e829598b1c8052fd8173c62af741c52/lwjgl-glfw-3.3.2-natives-linux.jar:/var/home/marchermans/.gradle/caches/modules-2/files-2.1/net.neoforged/mergetool/2.0.2/ca679d7182d40913cb8b3d90258f647b2c43ee00/mergetool-2.0.2-api.jar:/var/home/marchermans/.gradle/caches/modules-2/files-2.1/com.mojang/authlib/6.0.52/65085e2eb921c4a3ebdde3d248637f1776e6d80d/authlib-6.0.52.jar:/var/home/marchermans/.gradle/caches/modules-2/files-2.1/org.lwjgl/lwjgl-opengl/3.3.2/ee8e95be0b438602038bc1f02dc5e3d011b1b216/lwjgl-opengl-3.3.2.jar:/var/home/marchermans/.gradle/caches/modules-2/files-2.1/org.lwjgl/lwjgl-opengl/3.3.2/b8368430ef0d91a5acbc6fbfa47b20c3ec083aec/lwjgl-opengl-3.3.2-natives-linux.jar:/var/home/marchermans/.gradle/caches/modules-2/files-2.1/org.lwjgl/lwjgl-openal/3.3.2/ae5357ed6d934546d3533993ea84c0cfb75eed95/lwjgl-openal-3.3.2.jar:/var/home/marchermans/.gradle/caches/modules-2/files-2.1/org.lwjgl/lwjgl-openal/3.3.2/650981780b8bbfb3ce43657b22ec8e77bfb1f37a/lwjgl-openal-3.3.2-natives-linux.jar:/var/home/marchermans/.gradle/caches/modules-2/files-2.1/net.jodah/typetools/0.6.3/a01aaa6ddaea9ec07ec4f209487b7a46a526283a/typetools-0.6.3.jar:/var/home/marchermans/.gradle/caches/modules-2/files-2.1/net.neoforged.accesstransformers/at-modlauncher/10.0.1/5aba50202aceead086bc09fbc2751c9f05cb4890/at-modlauncher-10.0.1.jar:/var/home/marchermans/.gradle/caches/modules-2/files-2.1/io.netty/netty-transport/4.1.97.Final/f37380d23c9bb079bc702910833b2fd532c9abd0/netty-transport-4.1.97.Final.jar:/var/home/marchermans/.gradle/caches/modules-2/files-2.1/net.java.dev.jna/jna-platform/5.13.0/88e9a306715e9379f3122415ef4ae759a352640d/jna-platform-5.13.0.jar:/var/home/marchermans/.gradle/caches/modules-2/files-2.1/org.apache.logging.log4j/log4j-core/2.19.0/3b6eeb4de4c49c0fe38a4ee27188ff5fee44d0bb/log4j-core-2.19.0.jar:/var/home/marchermans/.gradle/caches/modules-2/files-2.1/com.github.oshi/oshi-core/6.4.5/943ba26de047eb6b28fff47f5ee939a34eb5fc8e/oshi-core-6.4.5.jar:/var/home/marchermans/.gradle/caches/modules-2/files-2.1/org.ow2.asm/asm/9.5/dc6ea1875f4d64fbc85e1691c95b96a3d8569c90/asm-9.5.jar:/var/home/marchermans/.gradle/caches/modules-2/files-2.1/org.spongepowered/mixin/0.8.5/9d1c0c3a304ae6697ecd477218fa61b850bf57fc/mixin-0.8.5.jar:/var/home/marchermans/.gradle/caches/modules-2/files-2.1/io.netty/netty-buffer/4.1.97.Final/f8f3d8644afa5e6e1a40a3a6aeb9d9aa970ecb4f/netty-buffer-4.1.97.Final.jar:/var/home/marchermans/.gradle/caches/modules-2/files-2.1/org.lwjgl/lwjgl-jemalloc/3.3.2/877e17e39ebcd58a9c956dc3b5b777813de0873a/lwjgl-jemalloc-3.3.2.jar:/var/home/marchermans/.gradle/caches/modules-2/files-2.1/org.lwjgl/lwjgl-jemalloc/3.3.2/2bc33176cdfabf34a63df154b80914e8f433316b/lwjgl-jemalloc-3.3.2-natives-linux.jar:/var/home/marchermans/.gradle/caches/modules-2/files-2.1/com.electronwill.night-config/core/3.6.4/510f174abbf1c947494db50ef2445683bd52c230/core-3.6.4.jar:/var/home/marchermans/.gradle/caches/modules-2/files-2.1/com.ibm.icu/icu4j/73.2/61ad4ef7f9131fcf6d25c34b817f90d6da06c9e9/icu4j-73.2.jar:/var/home/marchermans/.gradle/caches/modules-2/files-2.1/com.google.guava/guava/32.1.2-jre/5e64ec7e056456bef3a4bc4c6fdaef71e8ab6318/guava-32.1.2-jre.jar:/var/home/marchermans/.gradle/caches/modules-2/files-2.1/org.slf4j/slf4j-api/2.0.9/7cf2726fdcfbc8610f9a71fb3ed639871f315340/slf4j-api-2.0.9.jar:/var/home/marchermans/.gradle/caches/modules-2/files-2.1/io.netty/netty-resolver/4.1.97.Final/cec8348108dc76c47cf87c669d514be52c922144/netty-resolver-4.1.97.Final.jar:/var/home/marchermans/.gradle/caches/modules-2/files-2.1/commons-codec/commons-codec/1.16.0/4e3eb3d79888d76b54e28b350915b5dc3919c9de/commons-codec-1.16.0.jar:/var/home/marchermans/.gradle/caches/modules-2/files-2.1/com.mojang/logging/1.1.1/832b8e6674a9b325a5175a3a6267dfaf34c85139/logging-1.1.1.jar:/var/home/marchermans/.gradle/caches/modules-2/files-2.1/net.neoforged.fancymodloader/language-lowcode/1.0.16/e627c78870d4286826c4b14c0137319ff03b4e0/language-lowcode-1.0.16.jar:/var/home/marchermans/.gradle/caches/modules-2/files-2.1/net.neoforged/neoforgespi/8.0.0/504823c2b4bfec1880b7a80a939af7570ff1862f/neoforgespi-8.0.0.jar:/var/home/marchermans/.gradle/caches/modules-2/files-2.1/net.java.dev.jna/jna/5.13.0/1200e7ebeedbe0d10062093f32925a912020e747/jna-5.13.0.jar:/var/home/marchermans/.gradle/caches/modules-2/files-2.1/io.netty/netty-transport-native-epoll/4.1.97.Final/5514744c588190ffda076b35a9b8c9f24946a960/netty-transport-native-epoll-4.1.97.Final-linux-aarch_64.jar:/var/home/marchermans/.gradle/caches/modules-2/files-2.1/io.netty/netty-transport-native-epoll/4.1.97.Final/54188f271e388e7f313aea995e82f58ce2cdb809/netty-transport-native-epoll-4.1.97.Final-linux-x86_64.jar:/var/home/marchermans/.gradle/caches/modules-2/files-2.1/org.apache.commons/commons-lang3/3.13.0/b7263237aa89c1f99b327197c41d0669707a462e/commons-lang3-3.13.0.jar:/var/home/marchermans/.gradle/caches/modules-2/files-2.1/io.github.llamalad7/mixinextras-neoforge/0.3.1/870d50d95882ed3aecfe2ce53e4f930f0be1d93b/mixinextras-neoforge-0.3.1.jar:/var/home/marchermans/.gradle/caches/modules-2/files-2.1/net.neoforged.fancymodloader/language-java/1.0.16/2ddedcd8a488fd73e3e92a59949845e9c3a7d9f2/language-java-1.0.16.jar:/var/home/marchermans/.gradle/caches/modules-2/files-2.1/org.lwjgl/lwjgl/3.3.2/4421d94af68e35dcaa31737a6fc59136a1e61b94/lwjgl-3.3.2.jar:/var/home/marchermans/.gradle/caches/modules-2/files-2.1/org.lwjgl/lwjgl/3.3.2/767684973f259d97e7dc66a125eb153986f177e7/lwjgl-3.3.2-natives-linux.jar:/var/home/marchermans/.gradle/caches/modules-2/files-2.1/com.google.code.findbugs/jsr305/3.0.2/25ea2e8b0c338a877313bd4672d3fe056ea78f0d/jsr305-3.0.2.jar:/var/home/marchermans/.gradle/caches/modules-2/files-2.1/com.mojang/patchy/2.2.10/da05971b07cbb379d002cf7eaec6a2048211fefc/patchy-2.2.10.jar:/var/home/marchermans/.gradle/caches/modules-2/files-2.1/org.codehaus.plexus/plexus-utils/3.3.0/cf43b5391de623b36fe066a21127baef82c64022/plexus-utils-3.3.0.jar:/var/home/marchermans/.gradle/caches/modules-2/files-2.1/commons-io/commons-io/2.13.0/8bb2bc9b4df17e2411533a0708a69f983bf5e83b/commons-io-2.13.0.jar:/var/home/marchermans/IdeaProjects/Aequivaleo/.gradle/repositories/ng_dummy_ng/net/minecraft/client/1.20.4/client-1.20.4-client-extra.jar:/var/home/marchermans/.gradle/caches/modules-2/files-2.1/org.checkerframework/checker-qual/3.12.0/d5692f0526415fcc6de94bb5bfbd3afd9dd3b3e5/checker-qual-3.12.0.jar:/var/home/marchermans/.gradle/caches/modules-2/files-2.1/net.neoforged/JarJarSelector/0.4.0/122fa3fe21da1a0ace8323709197616cdb4d1416/JarJarSelector-0.4.0.jar:/var/home/marchermans/.gradle/caches/modules-2/files-2.1/org.ow2.asm/asm-util/9.5/64b5a1fc8c1b15ed2efd6a063e976bc8d3dc5ffe/asm-util-9.5.jar:/var/home/marchermans/.gradle/caches/modules-2/files-2.1/net.neoforged.fancymodloader/events/1.0.16/c88fa18a63098831e4e044ea6cfd3fea37774f6b/events-1.0.16.jar:/var/home/marchermans/.gradle/caches/modules-2/files-2.1/ca.weblite/java-objc-bridge/1.1/1227f9e0666314f9de41477e3ec277e542ed7f7b/java-objc-bridge-1.1.jar:/var/home/marchermans/.gradle/caches/modules-2/files-2.1/net.minecraftforge/srgutils/0.4.15/ca408b131759478f164e010fae0d73997e125fb5/srgutils-0.4.15.jar:/var/home/marchermans/.gradle/caches/modules-2/files-2.1/net.neoforged.fancymodloader/earlydisplay/1.0.16/8d0077997d17a487cf655aff977ca2d3d3f04739/earlydisplay-1.0.16.jar:/var/home/marchermans/.gradle/caches/modules-2/files-2.1/cpw.mods/securejarhandler/2.1.24/21e16217c30688d99200796f5d828ad5b671141c/securejarhandler-2.1.24.jar:/var/home/marchermans/.gradle/caches/modules-2/files-2.1/com.mojang/blocklist/1.0.10/5c685c5ffa94c4cd39496c7184c1d122e515ecef/blocklist-1.0.10.jar:/var/home/marchermans/.gradle/caches/modules-2/files-2.1/org.apache.logging.log4j/log4j-slf4j2-impl/2.19.0/5c04bfdd63ce9dceb2e284b81e96b6a70010ee10/log4j-slf4j2-impl-2.19.0.jar:/var/home/marchermans/.gradle/caches/modules-2/files-2.1/org.joml/joml/1.10.5/22566d58af70ad3d72308bab63b8339906deb649/joml-1.10.5.jar:/var/home/marchermans/.gradle/caches/modules-2/files-2.1/io.netty/netty-transport-native-unix-common/4.1.97.Final/d469d84265ab70095b01b40886cabdd433b6e664/netty-transport-native-unix-common-4.1.97.Final.jar:/var/home/marchermans/.gradle/caches/modules-2/files-2.1/net.neoforged/coremods/6.0.2/74c047103e2268ef9688db18a4df28973f962749/coremods-6.0.2.jar:/var/home/marchermans/.gradle/caches/modules-2/files-2.1/com.google.guava/failureaccess/1.0.1/1dcf1de382a0bf95a3d8b0849546c88bac1292c9/failureaccess-1.0.1.jar:/var/home/marchermans/.gradle/caches/modules-2/files-2.1/org.apache.commons/commons-compress/1.22/691a8b4e6cf4248c3bc72c8b719337d5cb7359fa/commons-compress-1.22.jar:/var/home/marchermans/.gradle/caches/modules-2/files-2.1/org.jline/jline-reader/3.12.1/4382ab1382c7b6f379377ed5f665dc2f6e1218bc/jline-reader-3.12.1.jar:/var/home/marchermans/.gradle/caches/modules-2/files-2.1/net.minecrell/terminalconsoleappender/1.2.0/96d02cd3b384ff015a8fef4223bcb4ccf1717c95/terminalconsoleappender-1.2.0.jar:/var/home/marchermans/.gradle/caches/modules-2/files-2.1/com.mojang/text2speech/1.17.9/3cad216e3a7f0c19b4b394388bc9ffc446f13b14/text2speech-1.17.9.jar:/var/home/marchermans/.gradle/caches/modules-2/files-2.1/io.netty/netty-common/4.1.97.Final/7cceacaf11df8dc63f23d0fb58e9d4640fc88404/netty-common-4.1.97.Final.jar:/var/home/marchermans/.gradle/caches/modules-2/files-2.1/net.neoforged.fancymodloader/language-minecraft/1.0.16/c1f7785ff7fc0b18aa6d2d4056dcff4fee1b32be/language-minecraft-1.0.16.jar:/var/home/marchermans/.gradle/caches/modules-2/files-2.1/it.unimi.dsi/fastutil/8.5.12/c24946d46824bd528054bface3231d2ecb7e95e8/fastutil-8.5.12.jar:/var/home/marchermans/.gradle/caches/modules-2/files-2.1/org.openjdk.nashorn/nashorn-core/15.4/f67f5ffaa5f5130cf6fb9b133da00c7df3b532a5/nashorn-core-15.4.jar:/var/home/marchermans/.gradle/caches/modules-2/files-2.1/com.google.j2objc/j2objc-annotations/1.3/ba035118bc8bac37d7eff77700720999acd9986d/j2objc-annotations-1.3.jar:/var/home/marchermans/.gradle/caches/modules-2/files-2.1/net.neoforged.fancymodloader/core/1.0.16/6bab0913ca1635a8e272ef89c17befb52115a3c2/core-1.0.16.jar:/var/home/marchermans/.gradle/caches/modules-2/files-2.1/net.neoforged/JarJarMetadata/0.4.0/6f5e5c52382d11a15f47ca030e046519e389456/JarJarMetadata-0.4.0.jar:/var/home/marchermans/.gradle/caches/modules-2/files-2.1/org.apache.httpcomponents/httpclient/4.5.13/e5f6cae5ca7ecaac1ec2827a9e2d65ae2869cada/httpclient-4.5.13.jar:/var/home/marchermans/.gradle/caches/modules-2/files-2.1/net.neoforged/bus/7.2.0/3bc91f330d0e2f350ab1dbe5026a5769dc52b9a/bus-7.2.0.jar:/var/home/marchermans/.gradle/caches/modules-2/files-2.1/commons-logging/commons-logging/1.2/4bfc12adfe4842bf07b657f0369c4cb522955686/commons-logging-1.2.jar:/var/home/marchermans/.gradle/caches/modules-2/files-2.1/com.google.guava/listenablefuture/9999.0-empty-to-avoid-conflict-with-guava/b421526c5f297295adef1c886e5246c39d4ac629/listenablefuture-9999.0-empty-to-avoid-conflict-with-guava.jar:/var/home/marchermans/.gradle/caches/modules-2/files-2.1/cpw.mods/bootstraplauncher/1.1.2/c546e00443d8432cda6baa1c860346980742628/bootstraplauncher-1.1.2.jar:/var/home/marchermans/.gradle/caches/modules-2/files-2.1/com.electronwill.night-config/toml/3.6.4/51d6cefb2b55ee55ee26b16391212fb2c7dfb4f4/toml-3.6.4.jar:/var/home/marchermans/.gradle/caches/modules-2/files-2.1/com.github.vlsi.mxgraph/jgraphx/3.9.8.1/e10723d4811701cc7247dcf0fdac5e5b5daaba17/jgraphx-3.9.8.1.jar:/var/home/marchermans/.gradle/caches/modules-2/files-2.1/org.apache.commons/commons-text/1.6/ba72cf0c40cf701e972fe7720ae844629f4ecca2/commons-text-1.6.jar:/var/home/marchermans/.gradle/caches/modules-2/files-2.1/org.jheaps/jheaps/0.11/993769f9e2abd138a875a1888580dbcd72bf04a3/jheaps-0.11.jar:/var/home/marchermans/IdeaProjects/Aequivaleo/build/classes/java/api:/var/home/marchermans/IdeaProjects/Aequivaleo/build/resources/api:/var/home/marchermans/IdeaProjects/Aequivaleo/build/classes/java/vanillaApi:/var/home/marchermans/IdeaProjects/Aequivaleo/build/resources/vanillaApi:/var/home/marchermans/IdeaProjects/Aequivaleo/build/classes/java/vanilla:/var/home/marchermans/IdeaProjects/Aequivaleo/build/resources/vanilla:/app/extra/IDEA-U/lib/idea_rt.jar)
	at com.sun.jna.NativeLibrary.loadLibrary(NativeLibrary.java:323) ~[jna-5.13.0.jar:5.13.0 (b0)]
	at com.sun.jna.NativeLibrary.getInstance(NativeLibrary.java:483) ~[jna-5.13.0.jar:5.13.0 (b0)]
	at com.sun.jna.NativeLibrary.getInstance(NativeLibrary.java:425) ~[jna-5.13.0.jar:5.13.0 (b0)]
	at com.mojang.text2speech.NarratorLinux$FliteLibrary.loadNative(NarratorLinux.java:67) ~[text2speech-1.17.9.jar:?]
	... 21 more
	Suppressed: java.lang.UnsatisfiedLinkError: libflite.so: cannot open shared object file: No such file or directory
		at com.sun.jna.Native.open(Native Method) ~[jna-5.13.0.jar:5.13.0 (b0)]
		at com.sun.jna.NativeLibrary.loadLibrary(NativeLibrary.java:211) ~[jna-5.13.0.jar:5.13.0 (b0)]
		at com.sun.jna.NativeLibrary.getInstance(NativeLibrary.java:483) ~[jna-5.13.0.jar:5.13.0 (b0)]
		at com.sun.jna.NativeLibrary.getInstance(NativeLibrary.java:425) ~[jna-5.13.0.jar:5.13.0 (b0)]
		at com.mojang.text2speech.NarratorLinux$FliteLibrary.loadNative(NarratorLinux.java:67) ~[text2speech-1.17.9.jar:?]
		at com.mojang.text2speech.NarratorLinux.<init>(NarratorLinux.java:18) ~[text2speech-1.17.9.jar:?]
		at com.mojang.text2speech.Narrator.getNarrator(Narrator.java:41) ~[text2speech-1.17.9.jar:?]
		at net.minecraft.client.GameNarrator.<init>(GameNarrator.java:21) ~[neoforge-20.4.9-beta.jar:?]
		at net.minecraft.client.Minecraft.<init>(Minecraft.java:615) ~[neoforge-20.4.9-beta.jar:?]
		at net.minecraft.client.main.Main.main(Main.java:206) ~[neoforge-20.4.9-beta.jar:?]
		at jdk.internal.reflect.NativeMethodAccessorImpl.invoke0(Native Method) ~[?:?]
		at jdk.internal.reflect.NativeMethodAccessorImpl.invoke(NativeMethodAccessorImpl.java:77) ~[?:?]
		at jdk.internal.reflect.DelegatingMethodAccessorImpl.invoke(DelegatingMethodAccessorImpl.java:43) ~[?:?]
		at java.lang.reflect.Method.invoke(Method.java:568) ~[?:?]
		at net.neoforged.fml.loading.targets.CommonLaunchHandler.runTarget(CommonLaunchHandler.java:126) ~[loader-1.0.16.jar:1.0]
		at net.neoforged.fml.loading.targets.CommonLaunchHandler.clientService(CommonLaunchHandler.java:114) ~[loader-1.0.16.jar:1.0]
		at net.neoforged.fml.loading.targets.ForgeClientUserdevLaunchHandler.runService(ForgeClientUserdevLaunchHandler.java:19) ~[loader-1.0.16.jar:1.0]
		at net.neoforged.fml.loading.targets.CommonLaunchHandler.lambda$launchService$4(CommonLaunchHandler.java:108) ~[loader-1.0.16.jar:1.0]
		at cpw.mods.modlauncher.LaunchServiceHandlerDecorator.launch(LaunchServiceHandlerDecorator.java:30) ~[modlauncher-10.0.9.jar:?]
		at cpw.mods.modlauncher.LaunchServiceHandler.launch(LaunchServiceHandler.java:53) ~[modlauncher-10.0.9.jar:?]
		at cpw.mods.modlauncher.LaunchServiceHandler.launch(LaunchServiceHandler.java:71) ~[modlauncher-10.0.9.jar:?]
		at cpw.mods.modlauncher.Launcher.run(Launcher.java:108) ~[modlauncher-10.0.9.jar:?]
		at cpw.mods.modlauncher.Launcher.main(Launcher.java:78) ~[modlauncher-10.0.9.jar:?]
		at cpw.mods.modlauncher.BootstrapLaunchConsumer.accept(BootstrapLaunchConsumer.java:26) ~[modlauncher-10.0.9.jar:?]
		at cpw.mods.modlauncher.BootstrapLaunchConsumer.accept(BootstrapLaunchConsumer.java:23) ~[modlauncher-10.0.9.jar:?]
		at cpw.mods.bootstraplauncher.BootstrapLauncher.main(BootstrapLauncher.java:141) ~[bootstraplauncher-1.1.2.jar:?]
	Suppressed: java.lang.UnsatisfiedLinkError: libflite.so: cannot open shared object file: No such file or directory
		at com.sun.jna.Native.open(Native Method) ~[jna-5.13.0.jar:5.13.0 (b0)]
		at com.sun.jna.NativeLibrary.loadLibrary(NativeLibrary.java:224) ~[jna-5.13.0.jar:5.13.0 (b0)]
		at com.sun.jna.NativeLibrary.getInstance(NativeLibrary.java:483) ~[jna-5.13.0.jar:5.13.0 (b0)]
		at com.sun.jna.NativeLibrary.getInstance(NativeLibrary.java:425) ~[jna-5.13.0.jar:5.13.0 (b0)]
		at com.mojang.text2speech.NarratorLinux$FliteLibrary.loadNative(NarratorLinux.java:67) ~[text2speech-1.17.9.jar:?]
		at com.mojang.text2speech.NarratorLinux.<init>(NarratorLinux.java:18) ~[text2speech-1.17.9.jar:?]
		at com.mojang.text2speech.Narrator.getNarrator(Narrator.java:41) ~[text2speech-1.17.9.jar:?]
		at net.minecraft.client.GameNarrator.<init>(GameNarrator.java:21) ~[neoforge-20.4.9-beta.jar:?]
		at net.minecraft.client.Minecraft.<init>(Minecraft.java:615) ~[neoforge-20.4.9-beta.jar:?]
		at net.minecraft.client.main.Main.main(Main.java:206) ~[neoforge-20.4.9-beta.jar:?]
		at jdk.internal.reflect.NativeMethodAccessorImpl.invoke0(Native Method) ~[?:?]
		at jdk.internal.reflect.NativeMethodAccessorImpl.invoke(NativeMethodAccessorImpl.java:77) ~[?:?]
		at jdk.internal.reflect.DelegatingMethodAccessorImpl.invoke(DelegatingMethodAccessorImpl.java:43) ~[?:?]
		at java.lang.reflect.Method.invoke(Method.java:568) ~[?:?]
		at net.neoforged.fml.loading.targets.CommonLaunchHandler.runTarget(CommonLaunchHandler.java:126) ~[loader-1.0.16.jar:1.0]
		at net.neoforged.fml.loading.targets.CommonLaunchHandler.clientService(CommonLaunchHandler.java:114) ~[loader-1.0.16.jar:1.0]
		at net.neoforged.fml.loading.targets.ForgeClientUserdevLaunchHandler.runService(ForgeClientUserdevLaunchHandler.java:19) ~[loader-1.0.16.jar:1.0]
		at net.neoforged.fml.loading.targets.CommonLaunchHandler.lambda$launchService$4(CommonLaunchHandler.java:108) ~[loader-1.0.16.jar:1.0]
		at cpw.mods.modlauncher.LaunchServiceHandlerDecorator.launch(LaunchServiceHandlerDecorator.java:30) ~[modlauncher-10.0.9.jar:?]
		at cpw.mods.modlauncher.LaunchServiceHandler.launch(LaunchServiceHandler.java:53) ~[modlauncher-10.0.9.jar:?]
		at cpw.mods.modlauncher.LaunchServiceHandler.launch(LaunchServiceHandler.java:71) ~[modlauncher-10.0.9.jar:?]
		at cpw.mods.modlauncher.Launcher.run(Launcher.java:108) ~[modlauncher-10.0.9.jar:?]
		at cpw.mods.modlauncher.Launcher.main(Launcher.java:78) ~[modlauncher-10.0.9.jar:?]
		at cpw.mods.modlauncher.BootstrapLaunchConsumer.accept(BootstrapLaunchConsumer.java:26) ~[modlauncher-10.0.9.jar:?]
		at cpw.mods.modlauncher.BootstrapLaunchConsumer.accept(BootstrapLaunchConsumer.java:23) ~[modlauncher-10.0.9.jar:?]
		at cpw.mods.bootstraplauncher.BootstrapLauncher.main(BootstrapLauncher.java:141) ~[bootstraplauncher-1.1.2.jar:?]
	Suppressed: java.io.IOException: Native library (linux-x86-64/libflite.so) not found in resource path (/var/home/marchermans/IdeaProjects/Aequivaleo/build/classes/java/main:/var/home/marchermans/IdeaProjects/Aequivaleo/build/resources/main:/var/home/marchermans/IdeaProjects/Aequivaleo/.gradle/repositories/ng_dummy_ng/net/neoforged/neoforge/20.4.9-beta/neoforge-20.4.9-beta.jar:/var/home/marchermans/.gradle/caches/modules-2/files-2.1/org.jetbrains/annotations/24.1.0/7af6a669488450c4a07c2c3254e2151df42d7d04/annotations-24.1.0.jar:/var/home/marchermans/.gradle/caches/modules-2/files-2.1/org.jgrapht/jgrapht-ext/1.4.0/d4667e848fdbf7b8b9af25d068762e82444bd44d/jgrapht-ext-1.4.0.jar:/var/home/marchermans/.gradle/caches/modules-2/files-2.1/org.jgrapht/jgrapht-io/1.4.0/f00549a95a2eb5134e591932bba82070f9504ff1/jgrapht-io-1.4.0.jar:/var/home/marchermans/.gradle/caches/modules-2/files-2.1/org.jgrapht/jgrapht-core/1.4.0/b6a0d2d511bec1ca30798e0defc6cbaab3d77c7c/jgrapht-core-1.4.0.jar:/var/home/marchermans/.gradle/caches/modules-2/files-2.1/io.netty/netty-transport-classes-epoll/4.1.97.Final/795da37ded759e862457a82d9d92c4d39ce8ecee/netty-transport-classes-epoll-4.1.97.Final.jar:/var/home/marchermans/.gradle/caches/modules-2/files-2.1/org.ow2.asm/asm-commons/9.5/19ab5b5800a3910d30d3a3e64fdb00fd0cb42de0/asm-commons-9.5.jar:/var/home/marchermans/.gradle/caches/modules-2/files-2.1/net.neoforged/JarJarFileSystems/0.4.0/ef7e5716525bbe50c784a362f9393457a33e6daf/JarJarFileSystems-0.4.0.jar:/var/home/marchermans/.gradle/caches/modules-2/files-2.1/net.minecraftforge/unsafe/0.2.0/54d7a0a5e8fdb71b973025caa46f341ae5904f39/unsafe-0.2.0.jar:/var/home/marchermans/.gradle/caches/modules-2/files-2.1/com.machinezoo.noexception/noexception/1.7.1/b65330c98e38a1f915fa54a6e5eca496505e3f0a/noexception-1.7.1.jar:/var/home/marchermans/.gradle/caches/modules-2/files-2.1/org.apache.httpcomponents/httpcore/4.4.16/51cf043c87253c9f58b539c9f7e44c8894223850/httpcore-4.4.16.jar:/var/home/marchermans/.gradle/caches/modules-2/files-2.1/com.mojang/brigadier/1.2.9/73e324f2ee541493a5179abf367237faa782ed21/brigadier-1.2.9.jar:/var/home/marchermans/.gradle/caches/modules-2/files-2.1/com.google.errorprone/error_prone_annotations/2.11.0/c5a0ace696d3f8b1c1d8cc036d8c03cc0cbe6b69/error_prone_annotations-2.11.0.jar:/var/home/marchermans/.gradle/caches/modules-2/files-2.1/org.ow2.asm/asm-analysis/9.5/490bacc77de7cbc0be1a30bb3471072d705be4a4/asm-analysis-9.5.jar:/var/home/marchermans/.gradle/caches/modules-2/files-2.1/org.antlr/antlr4-runtime/4.13.1/17125bae1d965624e265ef49552f6465a2bfa307/antlr4-runtime-4.13.1.jar:/var/home/marchermans/.gradle/caches/modules-2/files-2.1/org.apache.logging.log4j/log4j-api/2.19.0/ea1b37f38c327596b216542bc636cfdc0b8036fa/log4j-api-2.19.0.jar:/var/home/marchermans/.gradle/caches/modules-2/files-2.1/com.mojang/datafixerupper/6.0.8/3ba4a30557a9b057760af4011f909ba619fc5125/datafixerupper-6.0.8.jar:/var/home/marchermans/.gradle/caches/modules-2/files-2.1/io.netty/netty-codec/4.1.97.Final/384ba4d75670befbedb45c4d3b497a93639c206d/netty-codec-4.1.97.Final.jar:/var/home/marchermans/.gradle/caches/modules-2/files-2.1/org.ow2.asm/asm-tree/9.5/fd33c8b6373abaa675be407082fdfda35021254a/asm-tree-9.5.jar:/var/home/marchermans/.gradle/caches/modules-2/files-2.1/org.lwjgl/lwjgl-stb/3.3.2/a2550795014d622b686e9caac50b14baa87d2c70/lwjgl-stb-3.3.2.jar:/var/home/marchermans/.gradle/caches/modules-2/files-2.1/org.lwjgl/lwjgl-stb/3.3.2/5c987f43b342d722b54970159040af76f1c87403/lwjgl-stb-3.3.2-natives-linux.jar:/var/home/marchermans/.gradle/caches/modules-2/files-2.1/org.jline/jline-terminal/3.12.1/c777448314e050d980a6b697c140f3bfe9eb7416/jline-terminal-3.12.1.jar:/var/home/marchermans/.gradle/caches/modules-2/files-2.1/io.netty/netty-handler/4.1.97.Final/abb86c6906bf512bf2b797a41cd7d2e8d3cd7c36/netty-handler-4.1.97.Final.jar:/var/home/marchermans/.gradle/caches/modules-2/files-2.1/org.lwjgl/lwjgl-tinyfd/3.3.2/9f65c248dd77934105274fcf8351abb75b34327c/lwjgl-tinyfd-3.3.2.jar:/var/home/marchermans/.gradle/caches/modules-2/files-2.1/org.lwjgl/lwjgl-tinyfd/3.3.2/5d27fc67172b3fcd8400d61a7cfb75da881f609/lwjgl-tinyfd-3.3.2-natives-linux.jar:/var/home/marchermans/.gradle/caches/modules-2/files-2.1/com.google.code.gson/gson/2.10.1/b3add478d4382b78ea20b1671390a858002feb6c/gson-2.10.1.jar:/var/home/marchermans/.gradle/caches/modules-2/files-2.1/net.neoforged/accesstransformers/10.0.1/fd83b5725f76eae9115e9355fa1c456a6a441400/accesstransformers-10.0.1.jar:/var/home/marchermans/.gradle/caches/modules-2/files-2.1/net.neoforged.fancymodloader/loader/1.0.16/47bd8344813542922e606b034623172a8c271da6/loader-1.0.16.jar:/var/home/marchermans/.gradle/caches/modules-2/files-2.1/net.sf.jopt-simple/jopt-simple/5.0.4/4fdac2fbe92dfad86aa6e9301736f6b4342a3f5c/jopt-simple-5.0.4.jar:/var/home/marchermans/.gradle/caches/modules-2/files-2.1/cpw.mods/modlauncher/10.0.9/6d9443f56f50bb85cea383686ff9c867391458b/modlauncher-10.0.9.jar:/var/home/marchermans/.gradle/caches/modules-2/files-2.1/org.apache.maven/maven-artifact/3.8.5/4433f50c07debefaed0553bd0068f4f48d449313/maven-artifact-3.8.5.jar:/var/home/marchermans/.gradle/caches/modules-2/files-2.1/net.neoforged/neoform/1.20.4-20231207.154220/ad0bdcc5c21199e1a9cb05836f9660c22830a4fe/neoform-1.20.4-20231207.154220.zip:/var/home/marchermans/.gradle/caches/modules-2/files-2.1/org.lwjgl/lwjgl-glfw/3.3.2/757920418805fb90bfebb3d46b1d9e7669fca2eb/lwjgl-glfw-3.3.2.jar:/var/home/marchermans/.gradle/caches/modules-2/files-2.1/org.lwjgl/lwjgl-glfw/3.3.2/766bb0e8e829598b1c8052fd8173c62af741c52/lwjgl-glfw-3.3.2-natives-linux.jar:/var/home/marchermans/.gradle/caches/modules-2/files-2.1/net.neoforged/mergetool/2.0.2/ca679d7182d40913cb8b3d90258f647b2c43ee00/mergetool-2.0.2-api.jar:/var/home/marchermans/.gradle/caches/modules-2/files-2.1/com.mojang/authlib/6.0.52/65085e2eb921c4a3ebdde3d248637f1776e6d80d/authlib-6.0.52.jar:/var/home/marchermans/.gradle/caches/modules-2/files-2.1/org.lwjgl/lwjgl-opengl/3.3.2/ee8e95be0b438602038bc1f02dc5e3d011b1b216/lwjgl-opengl-3.3.2.jar:/var/home/marchermans/.gradle/caches/modules-2/files-2.1/org.lwjgl/lwjgl-opengl/3.3.2/b8368430ef0d91a5acbc6fbfa47b20c3ec083aec/lwjgl-opengl-3.3.2-natives-linux.jar:/var/home/marchermans/.gradle/caches/modules-2/files-2.1/org.lwjgl/lwjgl-openal/3.3.2/ae5357ed6d934546d3533993ea84c0cfb75eed95/lwjgl-openal-3.3.2.jar:/var/home/marchermans/.gradle/caches/modules-2/files-2.1/org.lwjgl/lwjgl-openal/3.3.2/650981780b8bbfb3ce43657b22ec8e77bfb1f37a/lwjgl-openal-3.3.2-natives-linux.jar:/var/home/marchermans/.gradle/caches/modules-2/files-2.1/net.jodah/typetools/0.6.3/a01aaa6ddaea9ec07ec4f209487b7a46a526283a/typetools-0.6.3.jar:/var/home/marchermans/.gradle/caches/modules-2/files-2.1/net.neoforged.accesstransformers/at-modlauncher/10.0.1/5aba50202aceead086bc09fbc2751c9f05cb4890/at-modlauncher-10.0.1.jar:/var/home/marchermans/.gradle/caches/modules-2/files-2.1/io.netty/netty-transport/4.1.97.Final/f37380d23c9bb079bc702910833b2fd532c9abd0/netty-transport-4.1.97.Final.jar:/var/home/marchermans/.gradle/caches/modules-2/files-2.1/net.java.dev.jna/jna-platform/5.13.0/88e9a306715e9379f3122415ef4ae759a352640d/jna-platform-5.13.0.jar:/var/home/marchermans/.gradle/caches/modules-2/files-2.1/org.apache.logging.log4j/log4j-core/2.19.0/3b6eeb4de4c49c0fe38a4ee27188ff5fee44d0bb/log4j-core-2.19.0.jar:/var/home/marchermans/.gradle/caches/modules-2/files-2.1/com.github.oshi/oshi-core/6.4.5/943ba26de047eb6b28fff47f5ee939a34eb5fc8e/oshi-core-6.4.5.jar:/var/home/marchermans/.gradle/caches/modules-2/files-2.1/org.ow2.asm/asm/9.5/dc6ea1875f4d64fbc85e1691c95b96a3d8569c90/asm-9.5.jar:/var/home/marchermans/.gradle/caches/modules-2/files-2.1/org.spongepowered/mixin/0.8.5/9d1c0c3a304ae6697ecd477218fa61b850bf57fc/mixin-0.8.5.jar:/var/home/marchermans/.gradle/caches/modules-2/files-2.1/io.netty/netty-buffer/4.1.97.Final/f8f3d8644afa5e6e1a40a3a6aeb9d9aa970ecb4f/netty-buffer-4.1.97.Final.jar:/var/home/marchermans/.gradle/caches/modules-2/files-2.1/org.lwjgl/lwjgl-jemalloc/3.3.2/877e17e39ebcd58a9c956dc3b5b777813de0873a/lwjgl-jemalloc-3.3.2.jar:/var/home/marchermans/.gradle/caches/modules-2/files-2.1/org.lwjgl/lwjgl-jemalloc/3.3.2/2bc33176cdfabf34a63df154b80914e8f433316b/lwjgl-jemalloc-3.3.2-natives-linux.jar:/var/home/marchermans/.gradle/caches/modules-2/files-2.1/com.electronwill.night-config/core/3.6.4/510f174abbf1c947494db50ef2445683bd52c230/core-3.6.4.jar:/var/home/marchermans/.gradle/caches/modules-2/files-2.1/com.ibm.icu/icu4j/73.2/61ad4ef7f9131fcf6d25c34b817f90d6da06c9e9/icu4j-73.2.jar:/var/home/marchermans/.gradle/caches/modules-2/files-2.1/com.google.guava/guava/32.1.2-jre/5e64ec7e056456bef3a4bc4c6fdaef71e8ab6318/guava-32.1.2-jre.jar:/var/home/marchermans/.gradle/caches/modules-2/files-2.1/org.slf4j/slf4j-api/2.0.9/7cf2726fdcfbc8610f9a71fb3ed639871f315340/slf4j-api-2.0.9.jar:/var/home/marchermans/.gradle/caches/modules-2/files-2.1/io.netty/netty-resolver/4.1.97.Final/cec8348108dc76c47cf87c669d514be52c922144/netty-resolver-4.1.97.Final.jar:/var/home/marchermans/.gradle/caches/modules-2/files-2.1/commons-codec/commons-codec/1.16.0/4e3eb3d79888d76b54e28b350915b5dc3919c9de/commons-codec-1.16.0.jar:/var/home/marchermans/.gradle/caches/modules-2/files-2.1/com.mojang/logging/1.1.1/832b8e6674a9b325a5175a3a6267dfaf34c85139/logging-1.1.1.jar:/var/home/marchermans/.gradle/caches/modules-2/files-2.1/net.neoforged.fancymodloader/language-lowcode/1.0.16/e627c78870d4286826c4b14c0137319ff03b4e0/language-lowcode-1.0.16.jar:/var/home/marchermans/.gradle/caches/modules-2/files-2.1/net.neoforged/neoforgespi/8.0.0/504823c2b4bfec1880b7a80a939af7570ff1862f/neoforgespi-8.0.0.jar:/var/home/marchermans/.gradle/caches/modules-2/files-2.1/net.java.dev.jna/jna/5.13.0/1200e7ebeedbe0d10062093f32925a912020e747/jna-5.13.0.jar:/var/home/marchermans/.gradle/caches/modules-2/files-2.1/io.netty/netty-transport-native-epoll/4.1.97.Final/5514744c588190ffda076b35a9b8c9f24946a960/netty-transport-native-epoll-4.1.97.Final-linux-aarch_64.jar:/var/home/marchermans/.gradle/caches/modules-2/files-2.1/io.netty/netty-transport-native-epoll/4.1.97.Final/54188f271e388e7f313aea995e82f58ce2cdb809/netty-transport-native-epoll-4.1.97.Final-linux-x86_64.jar:/var/home/marchermans/.gradle/caches/modules-2/files-2.1/org.apache.commons/commons-lang3/3.13.0/b7263237aa89c1f99b327197c41d0669707a462e/commons-lang3-3.13.0.jar:/var/home/marchermans/.gradle/caches/modules-2/files-2.1/io.github.llamalad7/mixinextras-neoforge/0.3.1/870d50d95882ed3aecfe2ce53e4f930f0be1d93b/mixinextras-neoforge-0.3.1.jar:/var/home/marchermans/.gradle/caches/modules-2/files-2.1/net.neoforged.fancymodloader/language-java/1.0.16/2ddedcd8a488fd73e3e92a59949845e9c3a7d9f2/language-java-1.0.16.jar:/var/home/marchermans/.gradle/caches/modules-2/files-2.1/org.lwjgl/lwjgl/3.3.2/4421d94af68e35dcaa31737a6fc59136a1e61b94/lwjgl-3.3.2.jar:/var/home/marchermans/.gradle/caches/modules-2/files-2.1/org.lwjgl/lwjgl/3.3.2/767684973f259d97e7dc66a125eb153986f177e7/lwjgl-3.3.2-natives-linux.jar:/var/home/marchermans/.gradle/caches/modules-2/files-2.1/com.google.code.findbugs/jsr305/3.0.2/25ea2e8b0c338a877313bd4672d3fe056ea78f0d/jsr305-3.0.2.jar:/var/home/marchermans/.gradle/caches/modules-2/files-2.1/com.mojang/patchy/2.2.10/da05971b07cbb379d002cf7eaec6a2048211fefc/patchy-2.2.10.jar:/var/home/marchermans/.gradle/caches/modules-2/files-2.1/org.codehaus.plexus/plexus-utils/3.3.0/cf43b5391de623b36fe066a21127baef82c64022/plexus-utils-3.3.0.jar:/var/home/marchermans/.gradle/caches/modules-2/files-2.1/commons-io/commons-io/2.13.0/8bb2bc9b4df17e2411533a0708a69f983bf5e83b/commons-io-2.13.0.jar:/var/home/marchermans/IdeaProjects/Aequivaleo/.gradle/repositories/ng_dummy_ng/net/minecraft/client/1.20.4/client-1.20.4-client-extra.jar:/var/home/marchermans/.gradle/caches/modules-2/files-2.1/org.checkerframework/checker-qual/3.12.0/d5692f0526415fcc6de94bb5bfbd3afd9dd3b3e5/checker-qual-3.12.0.jar:/var/home/marchermans/.gradle/caches/modules-2/files-2.1/net.neoforged/JarJarSelector/0.4.0/122fa3fe21da1a0ace8323709197616cdb4d1416/JarJarSelector-0.4.0.jar:/var/home/marchermans/.gradle/caches/modules-2/files-2.1/org.ow2.asm/asm-util/9.5/64b5a1fc8c1b15ed2efd6a063e976bc8d3dc5ffe/asm-util-9.5.jar:/var/home/marchermans/.gradle/caches/modules-2/files-2.1/net.neoforged.fancymodloader/events/1.0.16/c88fa18a63098831e4e044ea6cfd3fea37774f6b/events-1.0.16.jar:/var/home/marchermans/.gradle/caches/modules-2/files-2.1/ca.weblite/java-objc-bridge/1.1/1227f9e0666314f9de41477e3ec277e542ed7f7b/java-objc-bridge-1.1.jar:/var/home/marchermans/.gradle/caches/modules-2/files-2.1/net.minecraftforge/srgutils/0.4.15/ca408b131759478f164e010fae0d73997e125fb5/srgutils-0.4.15.jar:/var/home/marchermans/.gradle/caches/modules-2/files-2.1/net.neoforged.fancymodloader/earlydisplay/1.0.16/8d0077997d17a487cf655aff977ca2d3d3f04739/earlydisplay-1.0.16.jar:/var/home/marchermans/.gradle/caches/modules-2/files-2.1/cpw.mods/securejarhandler/2.1.24/21e16217c30688d99200796f5d828ad5b671141c/securejarhandler-2.1.24.jar:/var/home/marchermans/.gradle/caches/modules-2/files-2.1/com.mojang/blocklist/1.0.10/5c685c5ffa94c4cd39496c7184c1d122e515ecef/blocklist-1.0.10.jar:/var/home/marchermans/.gradle/caches/modules-2/files-2.1/org.apache.logging.log4j/log4j-slf4j2-impl/2.19.0/5c04bfdd63ce9dceb2e284b81e96b6a70010ee10/log4j-slf4j2-impl-2.19.0.jar:/var/home/marchermans/.gradle/caches/modules-2/files-2.1/org.joml/joml/1.10.5/22566d58af70ad3d72308bab63b8339906deb649/joml-1.10.5.jar:/var/home/marchermans/.gradle/caches/modules-2/files-2.1/io.netty/netty-transport-native-unix-common/4.1.97.Final/d469d84265ab70095b01b40886cabdd433b6e664/netty-transport-native-unix-common-4.1.97.Final.jar:/var/home/marchermans/.gradle/caches/modules-2/files-2.1/net.neoforged/coremods/6.0.2/74c047103e2268ef9688db18a4df28973f962749/coremods-6.0.2.jar:/var/home/marchermans/.gradle/caches/modules-2/files-2.1/com.google.guava/failureaccess/1.0.1/1dcf1de382a0bf95a3d8b0849546c88bac1292c9/failureaccess-1.0.1.jar:/var/home/marchermans/.gradle/caches/modules-2/files-2.1/org.apache.commons/commons-compress/1.22/691a8b4e6cf4248c3bc72c8b719337d5cb7359fa/commons-compress-1.22.jar:/var/home/marchermans/.gradle/caches/modules-2/files-2.1/org.jline/jline-reader/3.12.1/4382ab1382c7b6f379377ed5f665dc2f6e1218bc/jline-reader-3.12.1.jar:/var/home/marchermans/.gradle/caches/modules-2/files-2.1/net.minecrell/terminalconsoleappender/1.2.0/96d02cd3b384ff015a8fef4223bcb4ccf1717c95/terminalconsoleappender-1.2.0.jar:/var/home/marchermans/.gradle/caches/modules-2/files-2.1/com.mojang/text2speech/1.17.9/3cad216e3a7f0c19b4b394388bc9ffc446f13b14/text2speech-1.17.9.jar:/var/home/marchermans/.gradle/caches/modules-2/files-2.1/io.netty/netty-common/4.1.97.Final/7cceacaf11df8dc63f23d0fb58e9d4640fc88404/netty-common-4.1.97.Final.jar:/var/home/marchermans/.gradle/caches/modules-2/files-2.1/net.neoforged.fancymodloader/language-minecraft/1.0.16/c1f7785ff7fc0b18aa6d2d4056dcff4fee1b32be/language-minecraft-1.0.16.jar:/var/home/marchermans/.gradle/caches/modules-2/files-2.1/it.unimi.dsi/fastutil/8.5.12/c24946d46824bd528054bface3231d2ecb7e95e8/fastutil-8.5.12.jar:/var/home/marchermans/.gradle/caches/modules-2/files-2.1/org.openjdk.nashorn/nashorn-core/15.4/f67f5ffaa5f5130cf6fb9b133da00c7df3b532a5/nashorn-core-15.4.jar:/var/home/marchermans/.gradle/caches/modules-2/files-2.1/com.google.j2objc/j2objc-annotations/1.3/ba035118bc8bac37d7eff77700720999acd9986d/j2objc-annotations-1.3.jar:/var/home/marchermans/.gradle/caches/modules-2/files-2.1/net.neoforged.fancymodloader/core/1.0.16/6bab0913ca1635a8e272ef89c17befb52115a3c2/core-1.0.16.jar:/var/home/marchermans/.gradle/caches/modules-2/files-2.1/net.neoforged/JarJarMetadata/0.4.0/6f5e5c52382d11a15f47ca030e046519e389456/JarJarMetadata-0.4.0.jar:/var/home/marchermans/.gradle/caches/modules-2/files-2.1/org.apache.httpcomponents/httpclient/4.5.13/e5f6cae5ca7ecaac1ec2827a9e2d65ae2869cada/httpclient-4.5.13.jar:/var/home/marchermans/.gradle/caches/modules-2/files-2.1/net.neoforged/bus/7.2.0/3bc91f330d0e2f350ab1dbe5026a5769dc52b9a/bus-7.2.0.jar:/var/home/marchermans/.gradle/caches/modules-2/files-2.1/commons-logging/commons-logging/1.2/4bfc12adfe4842bf07b657f0369c4cb522955686/commons-logging-1.2.jar:/var/home/marchermans/.gradle/caches/modules-2/files-2.1/com.google.guava/listenablefuture/9999.0-empty-to-avoid-conflict-with-guava/b421526c5f297295adef1c886e5246c39d4ac629/listenablefuture-9999.0-empty-to-avoid-conflict-with-guava.jar:/var/home/marchermans/.gradle/caches/modules-2/files-2.1/cpw.mods/bootstraplauncher/1.1.2/c546e00443d8432cda6baa1c860346980742628/bootstraplauncher-1.1.2.jar:/var/home/marchermans/.gradle/caches/modules-2/files-2.1/com.electronwill.night-config/toml/3.6.4/51d6cefb2b55ee55ee26b16391212fb2c7dfb4f4/toml-3.6.4.jar:/var/home/marchermans/.gradle/caches/modules-2/files-2.1/com.github.vlsi.mxgraph/jgraphx/3.9.8.1/e10723d4811701cc7247dcf0fdac5e5b5daaba17/jgraphx-3.9.8.1.jar:/var/home/marchermans/.gradle/caches/modules-2/files-2.1/org.apache.commons/commons-text/1.6/ba72cf0c40cf701e972fe7720ae844629f4ecca2/commons-text-1.6.jar:/var/home/marchermans/.gradle/caches/modules-2/files-2.1/org.jheaps/jheaps/0.11/993769f9e2abd138a875a1888580dbcd72bf04a3/jheaps-0.11.jar:/var/home/marchermans/IdeaProjects/Aequivaleo/build/classes/java/api:/var/home/marchermans/IdeaProjects/Aequivaleo/build/resources/api:/var/home/marchermans/IdeaProjects/Aequivaleo/build/classes/java/vanillaApi:/var/home/marchermans/IdeaProjects/Aequivaleo/build/resources/vanillaApi:/var/home/marchermans/IdeaProjects/Aequivaleo/build/classes/java/vanilla:/var/home/marchermans/IdeaProjects/Aequivaleo/build/resources/vanilla:/app/extra/IDEA-U/lib/idea_rt.jar)
		at com.sun.jna.Native.extractFromResourcePath(Native.java:1145) ~[jna-5.13.0.jar:5.13.0 (b0)]
		at com.sun.jna.NativeLibrary.loadLibrary(NativeLibrary.java:295) ~[jna-5.13.0.jar:5.13.0 (b0)]
		at com.sun.jna.NativeLibrary.getInstance(NativeLibrary.java:483) ~[jna-5.13.0.jar:5.13.0 (b0)]
		at com.sun.jna.NativeLibrary.getInstance(NativeLibrary.java:425) ~[jna-5.13.0.jar:5.13.0 (b0)]
		at com.mojang.text2speech.NarratorLinux$FliteLibrary.loadNative(NarratorLinux.java:67) ~[text2speech-1.17.9.jar:?]
		at com.mojang.text2speech.NarratorLinux.<init>(NarratorLinux.java:18) ~[text2speech-1.17.9.jar:?]
		at com.mojang.text2speech.Narrator.getNarrator(Narrator.java:41) ~[text2speech-1.17.9.jar:?]
		at net.minecraft.client.GameNarrator.<init>(GameNarrator.java:21) ~[neoforge-20.4.9-beta.jar:?]
		at net.minecraft.client.Minecraft.<init>(Minecraft.java:615) ~[neoforge-20.4.9-beta.jar:?]
		at net.minecraft.client.main.Main.main(Main.java:206) ~[neoforge-20.4.9-beta.jar:?]
		at jdk.internal.reflect.NativeMethodAccessorImpl.invoke0(Native Method) ~[?:?]
		at jdk.internal.reflect.NativeMethodAccessorImpl.invoke(NativeMethodAccessorImpl.java:77) ~[?:?]
		at jdk.internal.reflect.DelegatingMethodAccessorImpl.invoke(DelegatingMethodAccessorImpl.java:43) ~[?:?]
		at java.lang.reflect.Method.invoke(Method.java:568) ~[?:?]
		at net.neoforged.fml.loading.targets.CommonLaunchHandler.runTarget(CommonLaunchHandler.java:126) ~[loader-1.0.16.jar:1.0]
		at net.neoforged.fml.loading.targets.CommonLaunchHandler.clientService(CommonLaunchHandler.java:114) ~[loader-1.0.16.jar:1.0]
		at net.neoforged.fml.loading.targets.ForgeClientUserdevLaunchHandler.runService(ForgeClientUserdevLaunchHandler.java:19) ~[loader-1.0.16.jar:1.0]
		at net.neoforged.fml.loading.targets.CommonLaunchHandler.lambda$launchService$4(CommonLaunchHandler.java:108) ~[loader-1.0.16.jar:1.0]
		at cpw.mods.modlauncher.LaunchServiceHandlerDecorator.launch(LaunchServiceHandlerDecorator.java:30) ~[modlauncher-10.0.9.jar:?]
		at cpw.mods.modlauncher.LaunchServiceHandler.launch(LaunchServiceHandler.java:53) ~[modlauncher-10.0.9.jar:?]
		at cpw.mods.modlauncher.LaunchServiceHandler.launch(LaunchServiceHandler.java:71) ~[modlauncher-10.0.9.jar:?]
		at cpw.mods.modlauncher.Launcher.run(Launcher.java:108) ~[modlauncher-10.0.9.jar:?]
		at cpw.mods.modlauncher.Launcher.main(Launcher.java:78) ~[modlauncher-10.0.9.jar:?]
		at cpw.mods.modlauncher.BootstrapLaunchConsumer.accept(BootstrapLaunchConsumer.java:26) ~[modlauncher-10.0.9.jar:?]
		at cpw.mods.modlauncher.BootstrapLaunchConsumer.accept(BootstrapLaunchConsumer.java:23) ~[modlauncher-10.0.9.jar:?]
		at cpw.mods.bootstraplauncher.BootstrapLauncher.main(BootstrapLauncher.java:141) ~[bootstraplauncher-1.1.2.jar:?]
[02Jan2024 23:22:20.211] [Render thread/INFO] [net.minecraft.server.packs.resources.ReloadableResourceManager/]: Reloading ResourceManager: vanilla
[02Jan2024 23:22:20.235] [Render thread/ERROR] [net.neoforged.fml.ModLoader/]: Cowardly refusing to send event net.neoforged.neoforge.client.event.ModelEvent$RegisterGeometryLoaders to a broken mod state
[02Jan2024 23:22:20.300] [Worker-Main-13/INFO] [net.minecraft.client.gui.font.providers.UnihexProvider/]: Found unifont_all_no_pua-15.1.04.hex, loading
[02Jan2024 23:22:20.409] [Worker-Main-2/WARN] [net.minecraft.client.sounds.SoundManager/]: File minecraft:sounds/mob/wolf/armor_equip1.ogg does not exist, cannot add it to event minecraft:entity.wolf.armor_equip
[02Jan2024 23:22:20.409] [Worker-Main-2/WARN] [net.minecraft.client.sounds.SoundManager/]: File minecraft:sounds/mob/wolf/armor_equip1.ogg does not exist, cannot add it to event minecraft:entity.wolf.armor_equip
[02Jan2024 23:22:20.409] [Worker-Main-2/WARN] [net.minecraft.client.sounds.SoundManager/]: File minecraft:sounds/mob/wolf/armor_equip2.ogg does not exist, cannot add it to event minecraft:entity.wolf.armor_equip
[02Jan2024 23:22:20.410] [Worker-Main-2/WARN] [net.minecraft.client.sounds.SoundManager/]: File minecraft:sounds/mob/wolf/armor_equip2.ogg does not exist, cannot add it to event minecraft:entity.wolf.armor_equip
[02Jan2024 23:22:20.410] [Worker-Main-2/WARN] [net.minecraft.client.sounds.SoundManager/]: File minecraft:sounds/mob/wolf/armor_unequip1.ogg does not exist, cannot add it to event minecraft:entity.wolf.armor_unequip
[02Jan2024 23:22:20.410] [Worker-Main-2/WARN] [net.minecraft.client.sounds.SoundManager/]: File minecraft:sounds/mob/wolf/armor_unequip2.ogg does not exist, cannot add it to event minecraft:entity.wolf.armor_unequip
[02Jan2024 23:22:20.906] [Worker-Main-7/ERROR] [net.neoforged.fml.ModLoader/]: Cowardly refusing to send event net.neoforged.neoforge.client.event.ModelEvent$RegisterAdditional to a broken mod state
[02Jan2024 23:22:21.223] [Worker-Main-7/ERROR] [net.neoforged.fml.ModLoader/]: Cowardly refusing to send event net.neoforged.neoforge.client.event.ModelEvent$ModifyBakingResult to a broken mod state
[02Jan2024 23:22:21.277] [Render thread/WARN] [net.minecraft.client.sounds.SoundEngine/]: Missing sound for event: minecraft:item.goat_horn.play
[02Jan2024 23:22:21.278] [Render thread/WARN] [net.minecraft.client.sounds.SoundEngine/]: Missing sound for event: minecraft:entity.goat.screaming.horn_break
[02Jan2024 23:22:21.434] [Render thread/ERROR] [net.minecraft.client.sounds.SoundEngine/SOUNDS]: Error starting SoundSystem. Turning off sounds & music
java.lang.IllegalStateException: Failed to open OpenAL device
	at com.mojang.blaze3d.audio.Library.openDeviceOrFallback(Library.java:207) ~[neoforge-20.4.9-beta.jar:?]
	at com.mojang.blaze3d.audio.Library.init(Library.java:74) ~[neoforge-20.4.9-beta.jar:?]
	at net.minecraft.client.sounds.SoundEngine.loadLibrary(SoundEngine.java:107) ~[neoforge-20.4.9-beta.jar:?]
	at net.minecraft.client.sounds.SoundEngine.reload(SoundEngine.java:99) ~[neoforge-20.4.9-beta.jar:?]
	at net.minecraft.client.sounds.SoundManager.apply(SoundManager.java:126) ~[neoforge-20.4.9-beta.jar:?]
	at net.minecraft.client.sounds.SoundManager.apply(SoundManager.java:43) ~[neoforge-20.4.9-beta.jar:?]
	at net.minecraft.server.packs.resources.SimplePreparableReloadListener.lambda$reload$1(SimplePreparableReloadListener.java:19) ~[neoforge-20.4.9-beta.jar:?]
	at java.util.concurrent.CompletableFuture$UniAccept.tryFire$$$capture(CompletableFuture.java:718) ~[?:?]
	at java.util.concurrent.CompletableFuture$UniAccept.tryFire(CompletableFuture.java) ~[?:?]
	at java.util.concurrent.CompletableFuture$Completion.run(CompletableFuture.java:482) ~[?:?]
	at net.minecraft.server.packs.resources.SimpleReloadInstance.lambda$new$3(SimpleReloadInstance.java:79) ~[neoforge-20.4.9-beta.jar:?]
	at net.minecraft.util.thread.BlockableEventLoop.doRunTask(BlockableEventLoop.java:146) ~[neoforge-20.4.9-beta.jar:?]
	at net.minecraft.util.thread.ReentrantBlockableEventLoop.doRunTask(ReentrantBlockableEventLoop.java:24) ~[neoforge-20.4.9-beta.jar:?]
	at net.minecraft.util.thread.BlockableEventLoop.pollTask(BlockableEventLoop.java:120) ~[neoforge-20.4.9-beta.jar:?]
	at net.minecraft.util.thread.BlockableEventLoop.runAllTasks(BlockableEventLoop.java:109) ~[neoforge-20.4.9-beta.jar:?]
	at net.minecraft.client.Minecraft.runTick(Minecraft.java:1212) ~[neoforge-20.4.9-beta.jar:?]
	at net.minecraft.client.Minecraft.run(Minecraft.java:807) ~[neoforge-20.4.9-beta.jar:?]
	at net.minecraft.client.main.Main.main(Main.java:244) ~[neoforge-20.4.9-beta.jar:?]
	at jdk.internal.reflect.NativeMethodAccessorImpl.invoke0(Native Method) ~[?:?]
	at jdk.internal.reflect.NativeMethodAccessorImpl.invoke(NativeMethodAccessorImpl.java:77) ~[?:?]
	at jdk.internal.reflect.DelegatingMethodAccessorImpl.invoke(DelegatingMethodAccessorImpl.java:43) ~[?:?]
	at java.lang.reflect.Method.invoke(Method.java:568) ~[?:?]
	at net.neoforged.fml.loading.targets.CommonLaunchHandler.runTarget(CommonLaunchHandler.java:126) ~[loader-1.0.16.jar:1.0]
	at net.neoforged.fml.loading.targets.CommonLaunchHandler.clientService(CommonLaunchHandler.java:114) ~[loader-1.0.16.jar:1.0]
	at net.neoforged.fml.loading.targets.ForgeClientUserdevLaunchHandler.runService(ForgeClientUserdevLaunchHandler.java:19) ~[loader-1.0.16.jar:1.0]
	at net.neoforged.fml.loading.targets.CommonLaunchHandler.lambda$launchService$4(CommonLaunchHandler.java:108) ~[loader-1.0.16.jar:1.0]
	at cpw.mods.modlauncher.LaunchServiceHandlerDecorator.launch(LaunchServiceHandlerDecorator.java:30) ~[modlauncher-10.0.9.jar:?]
	at cpw.mods.modlauncher.LaunchServiceHandler.launch(LaunchServiceHandler.java:53) ~[modlauncher-10.0.9.jar:?]
	at cpw.mods.modlauncher.LaunchServiceHandler.launch(LaunchServiceHandler.java:71) ~[modlauncher-10.0.9.jar:?]
	at cpw.mods.modlauncher.Launcher.run(Launcher.java:108) ~[modlauncher-10.0.9.jar:?]
	at cpw.mods.modlauncher.Launcher.main(Launcher.java:78) ~[modlauncher-10.0.9.jar:?]
	at cpw.mods.modlauncher.BootstrapLaunchConsumer.accept(BootstrapLaunchConsumer.java:26) ~[modlauncher-10.0.9.jar:?]
	at cpw.mods.modlauncher.BootstrapLaunchConsumer.accept(BootstrapLaunchConsumer.java:23) ~[modlauncher-10.0.9.jar:?]
	at cpw.mods.bootstraplauncher.BootstrapLauncher.main(BootstrapLauncher.java:141) ~[bootstraplauncher-1.1.2.jar:?]
[02Jan2024 23:22:21.440] [Render thread/ERROR] [net.neoforged.fml.ModLoader/]: Cowardly refusing to send event net.neoforged.neoforge.client.event.sound.SoundEngineLoadEvent to a broken mod state
[02Jan2024 23:22:21.545] [Render thread/INFO] [net.minecraft.client.renderer.texture.TextureAtlas/]: Created: 1024x512x4 minecraft:textures/atlas/blocks.png-atlas
[02Jan2024 23:22:22.011] [Render thread/ERROR] [net.neoforged.fml.ModLoader/]: Cowardly refusing to send event net.neoforged.neoforge.client.event.TextureAtlasStitchedEvent to a broken mod state
[02Jan2024 23:22:22.011] [Render thread/INFO] [net.minecraft.client.renderer.texture.TextureAtlas/]: Created: 256x256x4 minecraft:textures/atlas/signs.png-atlas
[02Jan2024 23:22:22.017] [Render thread/ERROR] [net.neoforged.fml.ModLoader/]: Cowardly refusing to send event net.neoforged.neoforge.client.event.TextureAtlasStitchedEvent to a broken mod state
[02Jan2024 23:22:22.017] [Render thread/INFO] [net.minecraft.client.renderer.texture.TextureAtlas/]: Created: 512x512x4 minecraft:textures/atlas/shield_patterns.png-atlas
[02Jan2024 23:22:22.031] [Render thread/ERROR] [net.neoforged.fml.ModLoader/]: Cowardly refusing to send event net.neoforged.neoforge.client.event.TextureAtlasStitchedEvent to a broken mod state
[02Jan2024 23:22:22.031] [Render thread/INFO] [net.minecraft.client.renderer.texture.TextureAtlas/]: Created: 512x512x4 minecraft:textures/atlas/banner_patterns.png-atlas
[02Jan2024 23:22:22.041] [Render thread/ERROR] [net.neoforged.fml.ModLoader/]: Cowardly refusing to send event net.neoforged.neoforge.client.event.TextureAtlasStitchedEvent to a broken mod state
[02Jan2024 23:22:22.041] [Render thread/INFO] [net.minecraft.client.renderer.texture.TextureAtlas/]: Created: 1024x1024x4 minecraft:textures/atlas/armor_trims.png-atlas
[02Jan2024 23:22:22.163] [Render thread/ERROR] [net.neoforged.fml.ModLoader/]: Cowardly refusing to send event net.neoforged.neoforge.client.event.TextureAtlasStitchedEvent to a broken mod state
[02Jan2024 23:22:22.163] [Render thread/INFO] [net.minecraft.client.renderer.texture.TextureAtlas/]: Created: 128x64x4 minecraft:textures/atlas/decorated_pot.png-atlas
[02Jan2024 23:22:22.170] [Render thread/ERROR] [net.neoforged.fml.ModLoader/]: Cowardly refusing to send event net.neoforged.neoforge.client.event.TextureAtlasStitchedEvent to a broken mod state
[02Jan2024 23:22:22.170] [Render thread/INFO] [net.minecraft.client.renderer.texture.TextureAtlas/]: Created: 256x256x4 minecraft:textures/atlas/chest.png-atlas
[02Jan2024 23:22:22.173] [Render thread/ERROR] [net.neoforged.fml.ModLoader/]: Cowardly refusing to send event net.neoforged.neoforge.client.event.TextureAtlasStitchedEvent to a broken mod state
[02Jan2024 23:22:22.173] [Render thread/INFO] [net.minecraft.client.renderer.texture.TextureAtlas/]: Created: 512x256x4 minecraft:textures/atlas/shulker_boxes.png-atlas
[02Jan2024 23:22:22.178] [Render thread/ERROR] [net.neoforged.fml.ModLoader/]: Cowardly refusing to send event net.neoforged.neoforge.client.event.TextureAtlasStitchedEvent to a broken mod state
[02Jan2024 23:22:22.178] [Render thread/INFO] [net.minecraft.client.renderer.texture.TextureAtlas/]: Created: 512x256x4 minecraft:textures/atlas/beds.png-atlas
[02Jan2024 23:22:22.181] [Render thread/ERROR] [net.neoforged.fml.ModLoader/]: Cowardly refusing to send event net.neoforged.neoforge.client.event.TextureAtlasStitchedEvent to a broken mod state
[02Jan2024 23:22:22.182] [Render thread/ERROR] [net.neoforged.fml.ModLoader/]: Cowardly refusing to send event net.neoforged.neoforge.client.event.ModelEvent$BakingCompleted to a broken mod state
[02Jan2024 23:22:22.253] [Render thread/ERROR] [net.neoforged.fml.ModLoader/]: Cowardly refusing to send event net.neoforged.neoforge.client.event.EntityRenderersEvent$CreateSkullModels to a broken mod state
[02Jan2024 23:22:22.258] [Render thread/ERROR] [net.neoforged.fml.ModLoader/]: Cowardly refusing to send event net.neoforged.neoforge.client.event.EntityRenderersEvent$CreateSkullModels to a broken mod state
[02Jan2024 23:22:22.338] [Render thread/ERROR] [net.neoforged.fml.ModLoader/]: Cowardly refusing to send event net.neoforged.neoforge.client.event.EntityRenderersEvent$CreateSkullModels to a broken mod state
[02Jan2024 23:22:22.341] [Render thread/ERROR] [net.neoforged.fml.ModLoader/]: Cowardly refusing to send event net.neoforged.neoforge.client.event.EntityRenderersEvent$CreateSkullModels to a broken mod state
[02Jan2024 23:22:22.341] [Render thread/ERROR] [net.neoforged.fml.ModLoader/]: Cowardly refusing to send event net.neoforged.neoforge.client.event.EntityRenderersEvent$CreateSkullModels to a broken mod state
[02Jan2024 23:22:22.343] [Render thread/ERROR] [net.neoforged.fml.ModLoader/]: Cowardly refusing to send event net.neoforged.neoforge.client.event.EntityRenderersEvent$CreateSkullModels to a broken mod state
[02Jan2024 23:22:22.344] [Render thread/ERROR] [net.neoforged.fml.ModLoader/]: Cowardly refusing to send event net.neoforged.neoforge.client.event.EntityRenderersEvent$CreateSkullModels to a broken mod state
[02Jan2024 23:22:22.344] [Render thread/ERROR] [net.neoforged.fml.ModLoader/]: Cowardly refusing to send event net.neoforged.neoforge.client.event.EntityRenderersEvent$CreateSkullModels to a broken mod state
[02Jan2024 23:22:22.345] [Render thread/ERROR] [net.neoforged.fml.ModLoader/]: Cowardly refusing to send event net.neoforged.neoforge.client.event.EntityRenderersEvent$CreateSkullModels to a broken mod state
[02Jan2024 23:22:22.347] [Render thread/ERROR] [net.neoforged.fml.ModLoader/]: Cowardly refusing to send event net.neoforged.neoforge.client.event.EntityRenderersEvent$CreateSkullModels to a broken mod state
[02Jan2024 23:22:22.349] [Render thread/ERROR] [net.neoforged.fml.ModLoader/]: Cowardly refusing to send event net.neoforged.neoforge.client.event.EntityRenderersEvent$CreateSkullModels to a broken mod state
[02Jan2024 23:22:22.351] [Render thread/ERROR] [net.neoforged.fml.ModLoader/]: Cowardly refusing to send event net.neoforged.neoforge.client.event.EntityRenderersEvent$CreateSkullModels to a broken mod state
[02Jan2024 23:22:22.352] [Render thread/ERROR] [net.neoforged.fml.ModLoader/]: Cowardly refusing to send event net.neoforged.neoforge.client.event.EntityRenderersEvent$CreateSkullModels to a broken mod state
[02Jan2024 23:22:22.354] [Render thread/ERROR] [net.neoforged.fml.ModLoader/]: Cowardly refusing to send event net.neoforged.neoforge.client.event.EntityRenderersEvent$CreateSkullModels to a broken mod state
[02Jan2024 23:22:22.355] [Render thread/ERROR] [net.neoforged.fml.ModLoader/]: Cowardly refusing to send event net.neoforged.neoforge.client.event.EntityRenderersEvent$CreateSkullModels to a broken mod state
[02Jan2024 23:22:22.355] [Render thread/ERROR] [net.neoforged.fml.ModLoader/]: Cowardly refusing to send event net.neoforged.neoforge.client.event.EntityRenderersEvent$CreateSkullModels to a broken mod state
[02Jan2024 23:22:22.356] [Render thread/ERROR] [net.neoforged.fml.ModLoader/]: Cowardly refusing to send event net.neoforged.neoforge.client.event.EntityRenderersEvent$CreateSkullModels to a broken mod state
[02Jan2024 23:22:22.357] [Render thread/ERROR] [net.neoforged.fml.ModLoader/]: Cowardly refusing to send event net.neoforged.neoforge.client.event.EntityRenderersEvent$CreateSkullModels to a broken mod state
[02Jan2024 23:22:22.358] [Render thread/ERROR] [net.neoforged.fml.ModLoader/]: Cowardly refusing to send event net.neoforged.neoforge.client.event.EntityRenderersEvent$CreateSkullModels to a broken mod state
[02Jan2024 23:22:22.363] [Render thread/ERROR] [net.neoforged.fml.ModLoader/]: Cowardly refusing to send event net.neoforged.neoforge.client.event.EntityRenderersEvent$CreateSkullModels to a broken mod state
[02Jan2024 23:22:22.363] [Render thread/ERROR] [net.neoforged.fml.ModLoader/]: Cowardly refusing to send event net.neoforged.neoforge.client.event.EntityRenderersEvent$CreateSkullModels to a broken mod state
[02Jan2024 23:22:22.364] [Render thread/ERROR] [net.neoforged.fml.ModLoader/]: Cowardly refusing to send event net.neoforged.neoforge.client.event.EntityRenderersEvent$AddLayers to a broken mod state
[02Jan2024 23:22:22.387] [Render thread/WARN] [net.minecraft.client.renderer.ShaderInstance/]: Shader rendertype_entity_translucent_emissive could not find sampler named Sampler2 in the specified shader program.
[02Jan2024 23:22:22.417] [Render thread/ERROR] [net.neoforged.fml.ModLoader/]: Cowardly refusing to send event net.neoforged.neoforge.client.event.RegisterShadersEvent to a broken mod state
[02Jan2024 23:22:22.429] [Render thread/INFO] [net.minecraft.client.renderer.texture.TextureAtlas/]: Created: 512x256x0 minecraft:textures/atlas/particles.png-atlas
[02Jan2024 23:22:22.438] [Render thread/ERROR] [net.neoforged.fml.ModLoader/]: Cowardly refusing to send event net.neoforged.neoforge.client.event.TextureAtlasStitchedEvent to a broken mod state
[02Jan2024 23:22:22.438] [Render thread/INFO] [net.minecraft.client.renderer.texture.TextureAtlas/]: Created: 256x256x0 minecraft:textures/atlas/paintings.png-atlas
[02Jan2024 23:22:22.439] [Render thread/ERROR] [net.neoforged.fml.ModLoader/]: Cowardly refusing to send event net.neoforged.neoforge.client.event.TextureAtlasStitchedEvent to a broken mod state
[02Jan2024 23:22:22.439] [Render thread/INFO] [net.minecraft.client.renderer.texture.TextureAtlas/]: Created: 128x128x0 minecraft:textures/atlas/mob_effects.png-atlas
[02Jan2024 23:22:22.443] [Render thread/ERROR] [net.neoforged.fml.ModLoader/]: Cowardly refusing to send event net.neoforged.neoforge.client.event.TextureAtlasStitchedEvent to a broken mod state
[02Jan2024 23:22:22.443] [Render thread/INFO] [net.minecraft.client.renderer.texture.TextureAtlas/]: Created: 1024x512x0 minecraft:textures/atlas/gui.png-atlas
[02Jan2024 23:22:22.469] [Render thread/ERROR] [net.neoforged.fml.ModLoader/]: Cowardly refusing to send event net.neoforged.neoforge.client.event.TextureAtlasStitchedEvent to a broken mod state
[02Jan2024 23:22:22.569] [Render thread/ERROR] [net.minecraft.CrashReport/]: Negative index in crash report handler (29/31)
[02Jan2024 23:22:22.579] [Render thread/FATAL] [net.neoforged.neoforge.client.loading.ClientModLoader/]: Crash report saved to ./crash-reports/crash-2024-01-02_23.22.22-fml.txt
[02Jan2024 23:22:29.304] [Render thread/INFO] [net.minecraft.client.Minecraft/]: Stopping!
